Archive member included to satisfy reference by file (symbol)

C:/ST/STM32CubeIDE_1.19.0/STM32CubeIDE/plugins/com.st.stm32cube.ide.mcu.externaltools.gnu-tools-for-stm32.13.3.rel1.win32_1.0.0.202411081344/tools/bin/../lib/gcc/arm-none-eabi/13.3.1/../../../../arm-none-eabi/lib/thumb/v7e-m+fp/hard\libc_nano.a(libc_a-exit.o)
                              C:/ST/STM32CubeIDE_1.19.0/STM32CubeIDE/plugins/com.st.stm32cube.ide.mcu.externaltools.gnu-tools-for-stm32.13.3.rel1.win32_1.0.0.202411081344/tools/bin/../lib/gcc/arm-none-eabi/13.3.1/../../../../arm-none-eabi/lib/thumb/v7e-m+fp/hard/crt0.o (exit)
C:/ST/STM32CubeIDE_1.19.0/STM32CubeIDE/plugins/com.st.stm32cube.ide.mcu.externaltools.gnu-tools-for-stm32.13.3.rel1.win32_1.0.0.202411081344/tools/bin/../lib/gcc/arm-none-eabi/13.3.1/../../../../arm-none-eabi/lib/thumb/v7e-m+fp/hard\libc_nano.a(libc_a-findfp.o)
                              C:/ST/STM32CubeIDE_1.19.0/STM32CubeIDE/plugins/com.st.stm32cube.ide.mcu.externaltools.gnu-tools-for-stm32.13.3.rel1.win32_1.0.0.202411081344/tools/bin/../lib/gcc/arm-none-eabi/13.3.1/../../../../arm-none-eabi/lib/thumb/v7e-m+fp/hard\libc_nano.a(libc_a-exit.o) (__stdio_exit_handler)
C:/ST/STM32CubeIDE_1.19.0/STM32CubeIDE/plugins/com.st.stm32cube.ide.mcu.externaltools.gnu-tools-for-stm32.13.3.rel1.win32_1.0.0.202411081344/tools/bin/../lib/gcc/arm-none-eabi/13.3.1/../../../../arm-none-eabi/lib/thumb/v7e-m+fp/hard\libc_nano.a(libc_a-fwalk.o)
                              C:/ST/STM32CubeIDE_1.19.0/STM32CubeIDE/plugins/com.st.stm32cube.ide.mcu.externaltools.gnu-tools-for-stm32.13.3.rel1.win32_1.0.0.202411081344/tools/bin/../lib/gcc/arm-none-eabi/13.3.1/../../../../arm-none-eabi/lib/thumb/v7e-m+fp/hard\libc_nano.a(libc_a-findfp.o) (_fwalk_sglue)
C:/ST/STM32CubeIDE_1.19.0/STM32CubeIDE/plugins/com.st.stm32cube.ide.mcu.externaltools.gnu-tools-for-stm32.13.3.rel1.win32_1.0.0.202411081344/tools/bin/../lib/gcc/arm-none-eabi/13.3.1/../../../../arm-none-eabi/lib/thumb/v7e-m+fp/hard\libc_nano.a(libc_a-stdio.o)
                              C:/ST/STM32CubeIDE_1.19.0/STM32CubeIDE/plugins/com.st.stm32cube.ide.mcu.externaltools.gnu-tools-for-stm32.13.3.rel1.win32_1.0.0.202411081344/tools/bin/../lib/gcc/arm-none-eabi/13.3.1/../../../../arm-none-eabi/lib/thumb/v7e-m+fp/hard\libc_nano.a(libc_a-findfp.o) (__sread)
C:/ST/STM32CubeIDE_1.19.0/STM32CubeIDE/plugins/com.st.stm32cube.ide.mcu.externaltools.gnu-tools-for-stm32.13.3.rel1.win32_1.0.0.202411081344/tools/bin/../lib/gcc/arm-none-eabi/13.3.1/../../../../arm-none-eabi/lib/thumb/v7e-m+fp/hard\libc_nano.a(libc_a-memset.o)
                              C:/ST/STM32CubeIDE_1.19.0/STM32CubeIDE/plugins/com.st.stm32cube.ide.mcu.externaltools.gnu-tools-for-stm32.13.3.rel1.win32_1.0.0.202411081344/tools/bin/../lib/gcc/arm-none-eabi/13.3.1/../../../../arm-none-eabi/lib/thumb/v7e-m+fp/hard/crt0.o (memset)
C:/ST/STM32CubeIDE_1.19.0/STM32CubeIDE/plugins/com.st.stm32cube.ide.mcu.externaltools.gnu-tools-for-stm32.13.3.rel1.win32_1.0.0.202411081344/tools/bin/../lib/gcc/arm-none-eabi/13.3.1/../../../../arm-none-eabi/lib/thumb/v7e-m+fp/hard\libc_nano.a(libc_a-closer.o)
                              C:/ST/STM32CubeIDE_1.19.0/STM32CubeIDE/plugins/com.st.stm32cube.ide.mcu.externaltools.gnu-tools-for-stm32.13.3.rel1.win32_1.0.0.202411081344/tools/bin/../lib/gcc/arm-none-eabi/13.3.1/../../../../arm-none-eabi/lib/thumb/v7e-m+fp/hard\libc_nano.a(libc_a-stdio.o) (_close_r)
C:/ST/STM32CubeIDE_1.19.0/STM32CubeIDE/plugins/com.st.stm32cube.ide.mcu.externaltools.gnu-tools-for-stm32.13.3.rel1.win32_1.0.0.202411081344/tools/bin/../lib/gcc/arm-none-eabi/13.3.1/../../../../arm-none-eabi/lib/thumb/v7e-m+fp/hard\libc_nano.a(libc_a-reent.o)
                              C:/ST/STM32CubeIDE_1.19.0/STM32CubeIDE/plugins/com.st.stm32cube.ide.mcu.externaltools.gnu-tools-for-stm32.13.3.rel1.win32_1.0.0.202411081344/tools/bin/../lib/gcc/arm-none-eabi/13.3.1/../../../../arm-none-eabi/lib/thumb/v7e-m+fp/hard\libc_nano.a(libc_a-closer.o) (errno)
C:/ST/STM32CubeIDE_1.19.0/STM32CubeIDE/plugins/com.st.stm32cube.ide.mcu.externaltools.gnu-tools-for-stm32.13.3.rel1.win32_1.0.0.202411081344/tools/bin/../lib/gcc/arm-none-eabi/13.3.1/../../../../arm-none-eabi/lib/thumb/v7e-m+fp/hard\libc_nano.a(libc_a-impure.o)
                              C:/ST/STM32CubeIDE_1.19.0/STM32CubeIDE/plugins/com.st.stm32cube.ide.mcu.externaltools.gnu-tools-for-stm32.13.3.rel1.win32_1.0.0.202411081344/tools/bin/../lib/gcc/arm-none-eabi/13.3.1/../../../../arm-none-eabi/lib/thumb/v7e-m+fp/hard\libc_nano.a(libc_a-reent.o) (_impure_ptr)
C:/ST/STM32CubeIDE_1.19.0/STM32CubeIDE/plugins/com.st.stm32cube.ide.mcu.externaltools.gnu-tools-for-stm32.13.3.rel1.win32_1.0.0.202411081344/tools/bin/../lib/gcc/arm-none-eabi/13.3.1/../../../../arm-none-eabi/lib/thumb/v7e-m+fp/hard\libc_nano.a(libc_a-lseekr.o)
[...]
Memory Configuration

Name             Origin             Length             Attributes
CCMRAM           0x10000000         0x00010000         xrw
RAM              0x20000000         0x00020000         xrw
FLASH            0x08000000         0x00010000         xr
*default*        0x00000000         0xffffffff

Linker script and memory map

LOAD C:/ST/STM32CubeIDE_1.19.0/STM32CubeIDE/plugins/com.st.stm32cube.ide.mcu.externaltools.gnu-tools-for-stm32.13.3.rel1.win32_1.0.0.202411081344/tools/bin/../lib/gcc/arm-none-eabi/13.3.1/thumb/v7e-m+fp/hard/crti.o
LOAD C:/ST/STM32CubeIDE_1.19.0/STM32CubeIDE/plugins/com.st.stm32cube.ide.mcu.externaltools.gnu-tools-for-stm32.13.3.rel1.win32_1.0.0.202411081344/tools/bin/../lib/gcc/arm-none-eabi/13.3.1/thumb/v7e-m+fp/hard/crtbegin.o
LOAD C:/ST/STM32CubeIDE_1.19.0/STM32CubeIDE/plugins/com.st.stm32cube.ide.mcu.externaltools.gnu-tools-for-stm32.13.3.rel1.win32_1.0.0.202411081344/tools/bin/../lib/gcc/arm-none-eabi/13.3.1/../../../../arm-none-eabi/lib/thumb/v7e-m+fp/hard/crt0.o
LOAD ./Core/Src/jump_to_app.o
LOAD ./Core/Src/main.o
LOAD ./Core/Src/mem_if.o
LOAD ./Core/Src/stm32f4xx_hal_msp.o
LOAD ./Core/Src/stm32f4xx_it.o
LOAD ./Core/Src/syscalls.o
LOAD ./Core/Src/sysmem.o
LOAD ./Core/Src/system_stm32f4xx.o
LOAD ./Core/Startup/startup_stm32f407vetx.o
LOAD ./Drivers/STM32F4xx_HAL_Driver/Src/stm32f4xx_hal.o
LOAD ./Drivers/STM32F4xx_HAL_Driver/Src/stm32f4xx_hal_cortex.o
LOAD ./Drivers/STM32F4xx_HAL_Driver/Src/stm32f4xx_hal_dma.o
LOAD ./Drivers/STM32F4xx_HAL_Driver/Src/stm32f4xx_hal_dma_ex.o
LOAD ./Drivers/STM32F4xx_HAL_Driver/Src/stm32f4xx_hal_exti.o
LOAD ./Drivers/STM32F4xx_HAL_Driver/Src/stm32f4xx_hal_flash.o
LOAD ./Drivers/STM32F4xx_HAL_Driver/Src/stm32f4xx_hal_flash_ex.o
LOAD ./Drivers/STM32F4xx_HAL_Driver/Src/stm32f4xx_hal_flash_ramfunc.o
LOAD ./Drivers/STM32F4xx_HAL_Driver/Src/stm32f4xx_hal_gpio.o
LOAD ./Drivers/STM32F4xx_HAL_Driver/Src/stm32f4xx_hal_pcd.o
LOAD ./Drivers/STM32F4xx_HAL_Driver/Src/stm32f4xx_hal_pcd_ex.o
LOAD ./Drivers/STM32F4xx_HAL_Driver/Src/stm32f4xx_hal_pwr.o
LOAD ./Drivers/STM32F4xx_HAL_Driver/Src/stm32f4xx_hal_pwr_ex.o
LOAD ./Drivers/STM32F4xx_HAL_Driver/Src/stm32f4xx_hal_rcc.o
LOAD ./Drivers/STM32F4xx_HAL_Driver/Src/stm32f4xx_hal_rcc_ex.o
LOAD ./Drivers/STM32F4xx_HAL_Driver/Src/stm32f4xx_hal_rtc.o
LOAD ./Drivers/STM32F4xx_HAL_Driver/Src/stm32f4xx_hal_rtc_ex.o
LOAD ./Drivers/STM32F4xx_HAL_Driver/Src/stm32f4xx_hal_uart.o
LOAD ./Drivers/STM32F4xx_HAL_Driver/Src/stm32f4xx_ll_usb.o
LOAD ./Middlewares/ST/STM32_USB_Device_Library/Class/DFU/Src/usbd_dfu.o
LOAD ./Middlewares/ST/STM32_USB_Device_Library/Core/Src/usbd_core.o
LOAD ./Middlewares/ST/STM32_USB_Device_Library/Core/Src/usbd_ctlreq.o
LOAD ./Middlewares/ST/STM32_USB_Device_Library/Core/Src/usbd_ioreq.o
LOAD ./USB_DEVICE/App/usb_device.o
LOAD ./USB_DEVICE/App/usbd_desc.o
LOAD ./USB_DEVICE/App/usbd_dfu_if.o
LOAD ./USB_DEVICE/Target/usbd_conf.o
START GROUP
LOAD C:/ST/STM32CubeIDE_1.19.0/STM32CubeIDE/plugins/com.st.stm32cube.ide.mcu.externaltools.gnu-tools-for-stm32.13.3.rel1.win32_1.0.0.202411081344/tools/bin/../lib/gcc/arm-none-eabi/13.3.1/../../../../arm-none-eabi/lib/thumb/v7e-m+fp/hard\libc_nano.a
LOAD C:/ST/STM32CubeIDE_1.19.0/STM32CubeIDE/plugins/com.st.stm32cube.ide.mcu.externaltools.gnu-tools-for-stm32.13.3.rel1.win32_1.0.0.202411081344/tools/bin/../lib/gcc/arm-none-eabi/13.3.1/../../../../arm-none-eabi/lib/thumb/v7e-m+fp/hard\libm.a
END GROUP
START GROUP
LOAD C:/ST/STM32CubeIDE_1.19.0/STM32CubeIDE/plugins/com.st.stm32cube.ide.mcu.externaltools.gnu-tools-for-stm32.13.3.rel1.win32_1.0.0.202411081344/tools/bin/../lib/gcc/arm-none-eabi/13.3.1/thumb/v7e-m+fp/hard\libgcc.a
LOAD C:/ST/STM32CubeIDE_1.19.0/STM32CubeIDE/plugins/com.st.stm32cube.ide.mcu.externaltools.gnu-tools-for-stm32.13.3.rel1.win32_1.0.0.202411081344/tools/bin/../lib/gcc/arm-none-eabi/13.3.1/../../../../arm-none-eabi/lib/thumb/v7e-m+fp/hard\libc_nano.a
END GROUP
START GROUP
LOAD C:/ST/STM32CubeIDE_1.19.0/STM32CubeIDE/plugins/com.st.stm32cube.ide.mcu.externaltools.gnu-tools-for-stm32.13.3.rel1.win32_1.0.0.202411081344/tools/bin/../lib/gcc/arm-none-eabi/13.3.1/thumb/v7e-m+fp/hard\libgcc.a
LOAD C:/ST/STM32CubeIDE_1.19.0/STM32CubeIDE/plugins/com.st.stm32cube.ide.mcu.externaltools.gnu-tools-for-stm32.13.3.rel1.win32_1.0.0.202411081344/tools/bin/../lib/gcc/arm-none-eabi/13.3.1/../../../../arm-none-eabi/lib/thumb/v7e-m+fp/hard\libc_nano.a
LOAD C:/ST/STM32CubeIDE_1.19.0/STM32CubeIDE/plugins/com.st.stm32cube.ide.mcu.externaltools.gnu-tools-for-stm32.13.3.rel1.win32_1.0.0.202411081344/tools/bin/../lib/gcc/arm-none-eabi/13.3.1/../../../../arm-none-eabi/lib/thumb/v7e-m+fp/hard\libnosys.a
END GROUP
START GROUP
LOAD C:/ST/STM32CubeIDE_1.19.0/STM32CubeIDE/plugins/com.st.stm32cube.ide.mcu.externaltools.gnu-tools-for-stm32.13.3.rel1.win32_1.0.0.202411081344/tools/bin/../lib/gcc/arm-none-eabi/13.3.1/thumb/v7e-m+fp/hard\libgcc.a
LOAD C:/ST/STM32CubeIDE_1.19.0/STM32CubeIDE/plugins/com.st.stm32cube.ide.mcu.externaltools.gnu-tools-for-stm32.13.3.rel1.win32_1.0.0.202411081344/tools/bin/../lib/gcc/arm-none-eabi/13.3.1/../../../../arm-none-eabi/lib/thumb/v7e-m+fp/hard\libc_nano.a
LOAD C:/ST/STM32CubeIDE_1.19.0/STM32CubeIDE/plugins/com.st.stm32cube.ide.mcu.externaltools.gnu-tools-for-stm32.13.3.rel1.win32_1.0.0.202411081344/tools/bin/../lib/gcc/arm-none-eabi/13.3.1/../../../../arm-none-eabi/lib/thumb/v7e-m+fp/hard\libnosys.a
END GROUP
LOAD C:/ST/STM32CubeIDE_1.19.0/STM32CubeIDE/plugins/com.st.stm32cube.ide.mcu.externaltools.gnu-tools-for-stm32.13.3.rel1.win32_1.0.0.202411081344/tools/bin/../lib/gcc/arm-none-eabi/13.3.1/thumb/v7e-m+fp/hard/crtend.o
LOAD C:/ST/STM32CubeIDE_1.19.0/STM32CubeIDE/plugins/com.st.stm32cube.ide.mcu.externaltools.gnu-tools-for-stm32.13.3.rel1.win32_1.0.0.202411081344/tools/bin/../lib/gcc/arm-none-eabi/13.3.1/thumb/v7e-m+fp/hard/crtn.o
                0x20020000                        _estack = (ORIGIN (RAM) + LENGTH (RAM))
                0x00000200                        _Min_Heap_Size = 0x200
                0x00000400                        _Min_Stack_Size = 0x400

.isr_vector     0x08000000      0x188
                0x08000000                        . = ALIGN (0x4)
 *(.isr_vector)
 .isr_vector    0x08000000      0x188 ./Core/Startup/startup_stm32f407vetx.o
                0x08000000                g_pfnVectors
                0x08000188                        . = ALIGN (0x4)

.text           0x08000188     0x8514
                0x08000188                        . = ALIGN (0x4)
 *(.text)
 .text          0x08000188       0x40 C:/ST/STM32CubeIDE_1.19.0/STM32CubeIDE/plugins/com.st.stm32cube.ide.mcu.externaltools.gnu-tools-for-stm32.13.3.rel1.win32_1.0.0.202411081344/tools/bin/../lib/gcc/arm-none-eabi/13.3.1/thumb/v7e-m+fp/hard/crtbegin.o
 .text          0x080001c8       0x30 C:/ST/STM32CubeIDE_1.19.0/STM32CubeIDE/plugins/com.st.stm32cube.ide.mcu.externaltools.gnu-tools-for-stm32.13.3.rel1.win32_1.0.0.202411081344/tools/bin/../lib/gcc/arm-none-eabi/13.3.1/thumb/v7e-m+fp/hard\libgcc.a(_aeabi_uldivmod.o)
                0x080001c8                __aeabi_uldivmod
 .text          0x080001f8      0x2f8 C:/ST/STM32CubeIDE_1.19.0/STM32CubeIDE/plugins/com.st.stm32cube.ide.mcu.externaltools.gnu-tools-for-stm32.13.3.rel1.win32_1.0.0.202411081344/tools/bin/../lib/gcc/arm-none-eabi/13.3.1/thumb/v7e-m+fp/hard\libgcc.a(_udivmoddi4.o)
                0x080001f8                __udivmoddi4
 .text          0x080004f0        0x4 C:/ST/STM32CubeIDE_1.19.0/STM32CubeIDE/plugins/com.st.stm32cube.ide.mcu.externaltools.gnu-tools-for-stm32.13.3.rel1.win32_1.0.0.202411081344/tools/bin/../lib/gcc/arm-none-eabi/13.3.1/thumb/v7e-m+fp/hard\libgcc.a(_dvmd_tls.o)
                0x080004f0                __aeabi_idiv0
                0x080004f0                __aeabi_ldiv0
 *(.text*)
 .text.is_valid_application
                0x080004f4       0x60 ./Core/Src/jump_to_app.o
                0x080004f4                is_valid_application
 .text.jump_to_application
                0x08000554       0x74 ./Core/Src/jump_to_app.o
                0x08000554                jump_to_application
 .text.enter_dfu_mode
                0x080005c8       0x24 ./Core/Src/main.o
                0x080005c8                enter_dfu_mode
 .text.main     0x080005ec       0x68 ./Core/Src/main.o
                0x080005ec                main
 .text.SystemClock_Config
                0x08000654       0xd4 ./Core/Src/main.o
                0x08000654                SystemClock_Config
 .text.MX_RTC_Init
                0x08000728       0x4c ./Core/Src/main.o
 .text.MX_UART5_Init
                0x08000774       0x54 ./Core/Src/main.o
 .text.MX_GPIO_Init
                0x080007c8       0xc0 ./Core/Src/main.o
 .text.Error_Handler
                0x08000888        0xc ./Core/Src/main.o
                0x08000888                Error_Handler
 .text.HAL_MspInit
                0x08000894       0x50 ./Core/Src/stm32f4xx_hal_msp.o
                0x08000894                HAL_MspInit
 .text.HAL_RTC_MspInit
                0x080008e4       0x54 ./Core/Src/stm32f4xx_hal_msp.o
                0x080008e4                HAL_RTC_MspInit
 .text.HAL_UART_MspInit
                0x08000938       0xd0 ./Core/Src/stm32f4xx_hal_msp.o
                0x08000938                HAL_UART_MspInit
 .text.NMI_Handler
                0x08000a08        0x8 ./Core/Src/stm32f4xx_it.o
                0x08000a08                NMI_Handler
 .text.HardFault_Handler
                0x08000a10        0x8 ./Core/Src/stm32f4xx_it.o
                0x08000a10                HardFault_Handler
 .text.MemManage_Handler
                0x08000a18        0x8 ./Core/Src/stm32f4xx_it.o
                0x08000a18                MemManage_Handler
 .text.BusFault_Handler
                0x08000a20        0x8 ./Core/Src/stm32f4xx_it.o
                0x08000a20                BusFault_Handler
 .text.UsageFault_Handler
                0x08000a28        0x8 ./Core/Src/stm32f4xx_it.o
                0x08000a28                UsageFault_Handler
 .text.SVC_Handler
                0x08000a30        0xe ./Core/Src/stm32f4xx_it.o
                0x08000a30                SVC_Handler
 .text.DebugMon_Handler
                0x08000a3e        0xe ./Core/Src/stm32f4xx_it.o
                0x08000a3e                DebugMon_Handler
 .text.PendSV_Handler
                0x08000a4c        0xe ./Core/Src/stm32f4xx_it.o
                0x08000a4c                PendSV_Handler
 .text.SysTick_Handler
                0x08000a5a        0xc ./Core/Src/stm32f4xx_it.o
                0x08000a5a                SysTick_Handler
 *fill*         0x08000a66        0x2 
 .text.OTG_FS_IRQHandler
                0x08000a68       0x14 ./Core/Src/stm32f4xx_it.o
                0x08000a68                OTG_FS_IRQHandler
 .text.SystemInit
                0x08000a7c       0x24 ./Core/Src/system_stm32f4xx.o
                0x08000a7c                SystemInit
 .text.Reset_Handler
                0x08000aa0       0x50 ./Core/Startup/startup_stm32f407vetx.o
                0x08000aa0                Reset_Handler
 .text.Default_Handler
                0x08000af0        0x2 ./Core/Startup/startup_stm32f407vetx.o
                0x08000af0                RTC_Alarm_IRQHandler
                0x08000af0                HASH_RNG_IRQHandler
                0x08000af0                EXTI2_IRQHandler
                0x08000af0                TIM8_CC_IRQHandler
                0x08000af0                TIM1_CC_IRQHandler
                0x08000af0                DMA2_Stream5_IRQHandler
                0x08000af0                DMA1_Stream5_IRQHandler
                0x08000af0                PVD_IRQHandler
                0x08000af0                SDIO_IRQHandler
                0x08000af0                TAMP_STAMP_IRQHandler
                0x08000af0                CAN2_RX1_IRQHandler
                0x08000af0                EXTI3_IRQHandler
                0x08000af0                TIM8_TRG_COM_TIM14_IRQHandler
                0x08000af0                TIM1_UP_TIM10_IRQHandler
                0x08000af0                TIM8_UP_TIM13_IRQHandler
                0x08000af0                I2C3_ER_IRQHandler
                0x08000af0                EXTI0_IRQHandler
                0x08000af0                I2C2_EV_IRQHandler
                0x08000af0                DMA1_Stream2_IRQHandler
                0x08000af0                CAN1_RX0_IRQHandler
                0x08000af0                FPU_IRQHandler
                0x08000af0                OTG_HS_WKUP_IRQHandler
                0x08000af0                CAN2_SCE_IRQHandler
                0x08000af0                DMA2_Stream2_IRQHandler
                0x08000af0                SPI1_IRQHandler
                0x08000af0                TIM6_DAC_IRQHandler
                0x08000af0                TIM1_BRK_TIM9_IRQHandler
                0x08000af0                DCMI_IRQHandler
                0x08000af0                CAN2_RX0_IRQHandler
                0x08000af0                DMA2_Stream3_IRQHandler
                0x08000af0                USART6_IRQHandler
                0x08000af0                USART3_IRQHandler
                0x08000af0                CAN1_RX1_IRQHandler
                0x08000af0                UART5_IRQHandler
                0x08000af0                DMA2_Stream0_IRQHandler
                0x08000af0                TIM4_IRQHandler
                0x08000af0                I2C1_EV_IRQHandler
                0x08000af0                DMA1_Stream6_IRQHandler
                0x08000af0                DMA1_Stream1_IRQHandler
                0x08000af0                UART4_IRQHandler
                0x08000af0                TIM3_IRQHandler
                0x08000af0                RCC_IRQHandler
                0x08000af0                TIM8_BRK_TIM12_IRQHandler
                0x08000af0                Default_Handler
                0x08000af0                EXTI15_10_IRQHandler
                0x08000af0                ADC_IRQHandler
                0x08000af0                DMA1_Stream7_IRQHandler
                0x08000af0                TIM7_IRQHandler
                0x08000af0                CAN2_TX_IRQHandler
                0x08000af0                TIM5_IRQHandler
                0x08000af0                DMA2_Stream7_IRQHandler
                0x08000af0                I2C3_EV_IRQHandler
                0x08000af0                EXTI9_5_IRQHandler
                0x08000af0                RTC_WKUP_IRQHandler
                0x08000af0                ETH_WKUP_IRQHandler
                0x08000af0                SPI2_IRQHandler
                0x08000af0                OTG_HS_EP1_IN_IRQHandler
                0x08000af0                DMA1_Stream0_IRQHandler
                0x08000af0                CAN1_TX_IRQHandler
                0x08000af0                EXTI4_IRQHandler
                0x08000af0                FSMC_IRQHandler
                0x08000af0                ETH_IRQHandler
                0x08000af0                OTG_HS_EP1_OUT_IRQHandler
                0x08000af0                WWDG_IRQHandler
                0x08000af0                TIM2_IRQHandler
                0x08000af0                OTG_FS_WKUP_IRQHandler
                0x08000af0                TIM1_TRG_COM_TIM11_IRQHandler
                0x08000af0                OTG_HS_IRQHandler
                0x08000af0                EXTI1_IRQHandler
                0x08000af0                USART2_IRQHandler
                0x08000af0                I2C2_ER_IRQHandler
                0x08000af0                DMA2_Stream1_IRQHandler
                0x08000af0                CAN1_SCE_IRQHandler
                0x08000af0                FLASH_IRQHandler
                0x08000af0                DMA2_Stream4_IRQHandler
                0x08000af0                USART1_IRQHandler
                0x08000af0                SPI3_IRQHandler
                0x08000af0                DMA1_Stream4_IRQHandler
                0x08000af0                I2C1_ER_IRQHandler
                0x08000af0                DMA2_Stream6_IRQHandler
                0x08000af0                DMA1_Stream3_IRQHandler
 *fill*         0x08000af2        0x2 
 .text.HAL_Init
                0x08000af4       0x44 ./Drivers/STM32F4xx_HAL_Driver/Src/stm32f4xx_hal.o
                0x08000af4                HAL_Init
 .text.HAL_DeInit
                0x08000b38       0x5c ./Drivers/STM32F4xx_HAL_Driver/Src/stm32f4xx_hal.o
                0x08000b38                HAL_DeInit
 .text.HAL_MspDeInit
                0x08000b94        0xe ./Drivers/STM32F4xx_HAL_Driver/Src/stm32f4xx_hal.o
                0x08000b94                HAL_MspDeInit
 *fill*         0x08000ba2        0x2 
 .text.HAL_InitTick
                0x08000ba4       0x60 ./Drivers/STM32F4xx_HAL_Driver/Src/stm32f4xx_hal.o
                0x08000ba4                HAL_InitTick
 .text.HAL_IncTick
                0x08000c04       0x28 ./Drivers/STM32F4xx_HAL_Driver/Src/stm32f4xx_hal.o
                0x08000c04                HAL_IncTick
 .text.HAL_GetTick
                0x08000c2c       0x18 ./Drivers/STM32F4xx_HAL_Driver/Src/stm32f4xx_hal.o
                0x08000c2c                HAL_GetTick
 .text.HAL_Delay
                0x08000c44       0x48 ./Drivers/STM32F4xx_HAL_Driver/Src/stm32f4xx_hal.o
                0x08000c44                HAL_Delay
 .text.__NVIC_SetPriorityGrouping
                0x08000c8c       0x48 ./Drivers/STM32F4xx_HAL_Driver/Src/stm32f4xx_hal_cortex.o
 .text.__NVIC_GetPriorityGrouping
                0x08000cd4       0x1c ./Drivers/STM32F4xx_HAL_Driver/Src/stm32f4xx_hal_cortex.o
 .text.__NVIC_EnableIRQ
                0x08000cf0       0x3c ./Drivers/STM32F4xx_HAL_Driver/Src/stm32f4xx_hal_cortex.o
 .text.__NVIC_SetPriority
                0x08000d2c       0x54 ./Drivers/STM32F4xx_HAL_Driver/Src/stm32f4xx_hal_cortex.o
 .text.NVIC_EncodePriority
                0x08000d80       0x66 ./Drivers/STM32F4xx_HAL_Driver/Src/stm32f4xx_hal_cortex.o
 *fill*         0x08000de6        0x2 
 .text.SysTick_Config
                0x08000de8       0x44 ./Drivers/STM32F4xx_HAL_Driver/Src/stm32f4xx_hal_cortex.o
 .text.HAL_NVIC_SetPriorityGrouping
                0x08000e2c       0x16 ./Drivers/STM32F4xx_HAL_Driver/Src/stm32f4xx_hal_cortex.o
                0x08000e2c                HAL_NVIC_SetPriorityGrouping
 .text.HAL_NVIC_SetPriority
                0x08000e42       0x38 ./Drivers/STM32F4xx_HAL_Driver/Src/stm32f4xx_hal_cortex.o
                0x08000e42                HAL_NVIC_SetPriority
 .text.HAL_NVIC_EnableIRQ
                0x08000e7a       0x1c ./Drivers/STM32F4xx_HAL_Driver/Src/stm32f4xx_hal_cortex.o
                0x08000e7a                HAL_NVIC_EnableIRQ
 .text.HAL_SYSTICK_Config
                0x08000e96       0x18 ./Drivers/STM32F4xx_HAL_Driver/Src/stm32f4xx_hal_cortex.o
                0x08000e96                HAL_SYSTICK_Config
 *fill*         0x08000eae        0x2 
 .text.HAL_FLASH_Program
                0x08000eb0       0xa4 ./Drivers/STM32F4xx_HAL_Driver/Src/stm32f4xx_hal_flash.o
                0x08000eb0                HAL_FLASH_Program
 .text.HAL_FLASH_Unlock
                0x08000f54       0x44 ./Drivers/STM32F4xx_HAL_Driver/Src/stm32f4xx_hal_flash.o
                0x08000f54                HAL_FLASH_Unlock
 .text.HAL_FLASH_Lock
                0x08000f98       0x20 ./Drivers/STM32F4xx_HAL_Driver/Src/stm32f4xx_hal_flash.o
                0x08000f98                HAL_FLASH_Lock
 .text.FLASH_WaitForLastOperation
                0x08000fb8       0x80 ./Drivers/STM32F4xx_HAL_Driver/Src/stm32f4xx_hal_flash.o
                0x08000fb8                FLASH_WaitForLastOperation
 .text.FLASH_Program_DoubleWord
                0x08001038       0x64 ./Drivers/STM32F4xx_HAL_Driver/Src/stm32f4xx_hal_flash.o
 .text.FLASH_Program_Word
                0x0800109c       0x44 ./Drivers/STM32F4xx_HAL_Driver/Src/stm32f4xx_hal_flash.o
 .text.FLASH_Program_HalfWord
                0x080010e0       0x48 ./Drivers/STM32F4xx_HAL_Driver/Src/stm32f4xx_hal_flash.o
 .text.FLASH_Program_Byte
                0x08001128       0x44 ./Drivers/STM32F4xx_HAL_Driver/Src/stm32f4xx_hal_flash.o
 .text.FLASH_SetErrorCode
                0x0800116c       0xac ./Drivers/STM32F4xx_HAL_Driver/Src/stm32f4xx_hal_flash.o
 .text.HAL_FLASHEx_Erase
                0x08001218       0xdc ./Drivers/STM32F4xx_HAL_Driver/Src/stm32f4xx_hal_flash_ex.o
                0x08001218                HAL_FLASHEx_Erase
 .text.FLASH_MassErase
                0x080012f4       0x48 ./Drivers/STM32F4xx_HAL_Driver/Src/stm32f4xx_hal_flash_ex.o
 .text.FLASH_Erase_Sector
                0x0800133c       0x90 ./Drivers/STM32F4xx_HAL_Driver/Src/stm32f4xx_hal_flash_ex.o
                0x0800133c                FLASH_Erase_Sector
 .text.FLASH_FlushCaches
                0x080013cc       0x8c ./Drivers/STM32F4xx_HAL_Driver/Src/stm32f4xx_hal_flash_ex.o
                0x080013cc                FLASH_FlushCaches
 .text.HAL_GPIO_Init
                0x08001458      0x338 ./Drivers/STM32F4xx_HAL_Driver/Src/stm32f4xx_hal_gpio.o
                0x08001458                HAL_GPIO_Init
 .text.HAL_GPIO_WritePin
                0x08001790       0x32 ./Drivers/STM32F4xx_HAL_Driver/Src/stm32f4xx_hal_gpio.o
                0x08001790                HAL_GPIO_WritePin
 .text.HAL_GPIO_TogglePin
                0x080017c2       0x34 ./Drivers/STM32F4xx_HAL_Driver/Src/stm32f4xx_hal_gpio.o
                0x080017c2                HAL_GPIO_TogglePin
 .text.HAL_PCD_Init
                0x080017f6      0x21e ./Drivers/STM32F4xx_HAL_Driver/Src/stm32f4xx_hal_pcd.o
                0x080017f6                HAL_PCD_Init
 .text.HAL_PCD_Start
                0x08001a14       0x6a ./Drivers/STM32F4xx_HAL_Driver/Src/stm32f4xx_hal_pcd.o
                0x08001a14                HAL_PCD_Start
 .text.HAL_PCD_Stop
                0x08001a7e       0x76 ./Drivers/STM32F4xx_HAL_Driver/Src/stm32f4xx_hal_pcd.o
                0x08001a7e                HAL_PCD_Stop
 .text.HAL_PCD_IRQHandler
                0x08001af4      0x942 ./Drivers/STM32F4xx_HAL_Driver/Src/stm32f4xx_hal_pcd.o
                0x08001af4                HAL_PCD_IRQHandler
 .text.HAL_PCD_SetAddress
                0x08002436       0x48 ./Drivers/STM32F4xx_HAL_Driver/Src/stm32f4xx_hal_pcd.o
                0x08002436                HAL_PCD_SetAddress
 .text.HAL_PCD_EP_Open
                0x0800247e       0xd4 ./Drivers/STM32F4xx_HAL_Driver/Src/stm32f4xx_hal_pcd.o
                0x0800247e                HAL_PCD_EP_Open
 .text.HAL_PCD_EP_Receive
                0x08002552       0x76 ./Drivers/STM32F4xx_HAL_Driver/Src/stm32f4xx_hal_pcd.o
                0x08002552                HAL_PCD_EP_Receive
 .text.HAL_PCD_EP_Transmit
                0x080025c8       0x74 ./Drivers/STM32F4xx_HAL_Driver/Src/stm32f4xx_hal_pcd.o
                0x080025c8                HAL_PCD_EP_Transmit
 .text.HAL_PCD_EP_SetStall
                0x0800263c       0xc6 ./Drivers/STM32F4xx_HAL_Driver/Src/stm32f4xx_hal_pcd.o
                0x0800263c                HAL_PCD_EP_SetStall
 .text.HAL_PCD_EP_ClrStall
                0x08002702       0xac ./Drivers/STM32F4xx_HAL_Driver/Src/stm32f4xx_hal_pcd.o
                0x08002702                HAL_PCD_EP_ClrStall
 .text.HAL_PCD_EP_Abort
                0x080027ae       0x62 ./Drivers/STM32F4xx_HAL_Driver/Src/stm32f4xx_hal_pcd.o
                0x080027ae                HAL_PCD_EP_Abort
 .text.PCD_WriteEmptyTxFifo
                0x08002810      0x118 ./Drivers/STM32F4xx_HAL_Driver/Src/stm32f4xx_hal_pcd.o
 .text.PCD_EP_OutXfrComplete_int
                0x08002928      0x1d0 ./Drivers/STM32F4xx_HAL_Driver/Src/stm32f4xx_hal_pcd.o
 .text.PCD_EP_OutSetupPacket_int
                0x08002af8       0x8c ./Drivers/STM32F4xx_HAL_Driver/Src/stm32f4xx_hal_pcd.o
 .text.HAL_PCDEx_SetTxFiFo
                0x08002b84       0x8e ./Drivers/STM32F4xx_HAL_Driver/Src/stm32f4xx_hal_pcd_ex.o
                0x08002b84                HAL_PCDEx_SetTxFiFo
 .text.HAL_PCDEx_SetRxFiFo
                0x08002c12       0x22 ./Drivers/STM32F4xx_HAL_Driver/Src/stm32f4xx_hal_pcd_ex.o
                0x08002c12                HAL_PCDEx_SetRxFiFo
 .text.HAL_PCDEx_LPM_Callback
                0x08002c34       0x18 ./Drivers/STM32F4xx_HAL_Driver/Src/stm32f4xx_hal_pcd_ex.o
                0x08002c34                HAL_PCDEx_LPM_Callback
 .text.HAL_RCC_OscConfig
                0x08002c4c      0x4f0 ./Drivers/STM32F4xx_HAL_Driver/Src/stm32f4xx_hal_rcc.o
                0x08002c4c                HAL_RCC_OscConfig
 .text.HAL_RCC_ClockConfig
                0x0800313c      0x1cc ./Drivers/STM32F4xx_HAL_Driver/Src/stm32f4xx_hal_rcc.o
                0x0800313c                HAL_RCC_ClockConfig
 .text.HAL_RCC_GetSysClockFreq
                0x08003308      0x20c ./Drivers/STM32F4xx_HAL_Driver/Src/stm32f4xx_hal_rcc.o
                0x08003308                HAL_RCC_GetSysClockFreq
 .text.HAL_RCC_GetHCLKFreq
                0x08003514       0x18 ./Drivers/STM32F4xx_HAL_Driver/Src/stm32f4xx_hal_rcc.o
                0x08003514                HAL_RCC_GetHCLKFreq
 .text.HAL_RCC_GetPCLK1Freq
                0x0800352c       0x28 ./Drivers/STM32F4xx_HAL_Driver/Src/stm32f4xx_hal_rcc.o
                0x0800352c                HAL_RCC_GetPCLK1Freq
 .text.HAL_RCC_GetPCLK2Freq
                0x08003554       0x28 ./Drivers/STM32F4xx_HAL_Driver/Src/stm32f4xx_hal_rcc.o
                0x08003554                HAL_RCC_GetPCLK2Freq
 .text.HAL_RCCEx_PeriphCLKConfig
                0x0800357c      0x1c4 ./Drivers/STM32F4xx_HAL_Driver/Src/stm32f4xx_hal_rcc_ex.o
                0x0800357c                HAL_RCCEx_PeriphCLKConfig
 .text.HAL_RCC_DeInit
                0x08003740      0x19c ./Drivers/STM32F4xx_HAL_Driver/Src/stm32f4xx_hal_rcc_ex.o
                0x08003740                HAL_RCC_DeInit
 .text.HAL_RTC_Init
                0x080038dc      0x102 ./Drivers/STM32F4xx_HAL_Driver/Src/stm32f4xx_hal_rtc.o
                0x080038dc                HAL_RTC_Init
 *fill*         0x080039de        0x2 
 .text.HAL_RTC_WaitForSynchro
                0x080039e0       0x4c ./Drivers/STM32F4xx_HAL_Driver/Src/stm32f4xx_hal_rtc.o
                0x080039e0                HAL_RTC_WaitForSynchro
 .text.RTC_EnterInitMode
                0x08003a2c       0x6e ./Drivers/STM32F4xx_HAL_Driver/Src/stm32f4xx_hal_rtc.o
                0x08003a2c                RTC_EnterInitMode
 .text.RTC_ExitInitMode
                0x08003a9a       0x4a ./Drivers/STM32F4xx_HAL_Driver/Src/stm32f4xx_hal_rtc.o
                0x08003a9a                RTC_ExitInitMode
 .text.HAL_RTCEx_BKUPWrite
                0x08003ae4       0x34 ./Drivers/STM32F4xx_HAL_Driver/Src/stm32f4xx_hal_rtc_ex.o
                0x08003ae4                HAL_RTCEx_BKUPWrite
 .text.HAL_RTCEx_BKUPRead
                0x08003b18       0x30 ./Drivers/STM32F4xx_HAL_Driver/Src/stm32f4xx_hal_rtc_ex.o
                0x08003b18                HAL_RTCEx_BKUPRead
 .text.HAL_UART_Init
                0x08003b48       0xa0 ./Drivers/STM32F4xx_HAL_Driver/Src/stm32f4xx_hal_uart.o
                0x08003b48                HAL_UART_Init
 .text.UART_SetConfig
                0x08003be8      0x4e8 ./Drivers/STM32F4xx_HAL_Driver/Src/stm32f4xx_hal_uart.o
 .text.USB_CoreInit
                0x080040d0       0xc8 ./Drivers/STM32F4xx_HAL_Driver/Src/stm32f4xx_ll_usb.o
                0x080040d0                USB_CoreInit
 .text.USB_SetTurnaroundTime
                0x08004198      0x144 ./Drivers/STM32F4xx_HAL_Driver/Src/stm32f4xx_ll_usb.o
                0x08004198                USB_SetTurnaroundTime
 .text.USB_EnableGlobalInt
                0x080042dc       0x22 ./Drivers/STM32F4xx_HAL_Driver/Src/stm32f4xx_ll_usb.o
                0x080042dc                USB_EnableGlobalInt
 .text.USB_DisableGlobalInt
                0x080042fe       0x22 ./Drivers/STM32F4xx_HAL_Driver/Src/stm32f4xx_ll_usb.o
                0x080042fe                USB_DisableGlobalInt
 .text.USB_SetCurrentMode
                0x08004320       0x98 ./Drivers/STM32F4xx_HAL_Driver/Src/stm32f4xx_ll_usb.o
                0x08004320                USB_SetCurrentMode
 .text.USB_DevInit
                0x080043b8      0x2c8 ./Drivers/STM32F4xx_HAL_Driver/Src/stm32f4xx_ll_usb.o
                0x080043b8                USB_DevInit
 .text.USB_FlushTxFifo
                0x08004680       0x64 ./Drivers/STM32F4xx_HAL_Driver/Src/stm32f4xx_ll_usb.o
                0x08004680                USB_FlushTxFifo
 .text.USB_FlushRxFifo
                0x080046e4       0x5c ./Drivers/STM32F4xx_HAL_Driver/Src/stm32f4xx_ll_usb.o
                0x080046e4                USB_FlushRxFifo
 .text.USB_SetDevSpeed
                0x08004740       0x32 ./Drivers/STM32F4xx_HAL_Driver/Src/stm32f4xx_ll_usb.o
                0x08004740                USB_SetDevSpeed
 .text.USB_GetDevSpeed
                0x08004772       0x4a ./Drivers/STM32F4xx_HAL_Driver/Src/stm32f4xx_ll_usb.o
                0x08004772                USB_GetDevSpeed
 .text.USB_ActivateEndpoint
                0x080047bc      0x10e ./Drivers/STM32F4xx_HAL_Driver/Src/stm32f4xx_ll_usb.o
                0x080047bc                USB_ActivateEndpoint
 *fill*         0x080048ca        0x2 
 .text.USB_EPStartXfer
                0x080048cc      0x53c ./Drivers/STM32F4xx_HAL_Driver/Src/stm32f4xx_ll_usb.o
                0x080048cc                USB_EPStartXfer
 .text.USB_EPStopXfer
                0x08004e08      0x154 ./Drivers/STM32F4xx_HAL_Driver/Src/stm32f4xx_ll_usb.o
                0x08004e08                USB_EPStopXfer
 .text.USB_WritePacket
                0x08004f5c       0x7c ./Drivers/STM32F4xx_HAL_Driver/Src/stm32f4xx_ll_usb.o
                0x08004f5c                USB_WritePacket
 .text.USB_ReadPacket
                0x08004fd8       0xb0 ./Drivers/STM32F4xx_HAL_Driver/Src/stm32f4xx_ll_usb.o
                0x08004fd8                USB_ReadPacket
 .text.USB_EPSetStall
                0x08005088       0xdc ./Drivers/STM32F4xx_HAL_Driver/Src/stm32f4xx_ll_usb.o
                0x08005088                USB_EPSetStall
 .text.USB_EPClearStall
                0x08005164       0xcc ./Drivers/STM32F4xx_HAL_Driver/Src/stm32f4xx_ll_usb.o
                0x08005164                USB_EPClearStall
 .text.USB_SetDevAddress
                0x08005230       0x4c ./Drivers/STM32F4xx_HAL_Driver/Src/stm32f4xx_ll_usb.o
                0x08005230                USB_SetDevAddress
 .text.USB_DevConnect
                0x0800527c       0x42 ./Drivers/STM32F4xx_HAL_Driver/Src/stm32f4xx_ll_usb.o
                0x0800527c                USB_DevConnect
 .text.USB_DevDisconnect
                0x080052be       0x42 ./Drivers/STM32F4xx_HAL_Driver/Src/stm32f4xx_ll_usb.o
                0x080052be                USB_DevDisconnect
 .text.USB_ReadInterrupts
                0x08005300       0x26 ./Drivers/STM32F4xx_HAL_Driver/Src/stm32f4xx_ll_usb.o
                0x08005300                USB_ReadInterrupts
 .text.USB_ReadDevAllOutEpInterrupt
                0x08005326       0x34 ./Drivers/STM32F4xx_HAL_Driver/Src/stm32f4xx_ll_usb.o
                0x08005326                USB_ReadDevAllOutEpInterrupt
 .text.USB_ReadDevAllInEpInterrupt
                0x0800535a       0x34 ./Drivers/STM32F4xx_HAL_Driver/Src/stm32f4xx_ll_usb.o
                0x0800535a                USB_ReadDevAllInEpInterrupt
 .text.USB_ReadDevOutEPInterrupt
                0x0800538e       0x3c ./Drivers/STM32F4xx_HAL_Driver/Src/stm32f4xx_ll_usb.o
                0x0800538e                USB_ReadDevOutEPInterrupt
 .text.USB_ReadDevInEPInterrupt
                0x080053ca       0x5c ./Drivers/STM32F4xx_HAL_Driver/Src/stm32f4xx_ll_usb.o
                0x080053ca                USB_ReadDevInEPInterrupt
 .text.USB_GetMode
                0x08005426       0x1c ./Drivers/STM32F4xx_HAL_Driver/Src/stm32f4xx_ll_usb.o
                0x08005426                USB_GetMode
 .text.USB_ActivateSetup
                0x08005442       0x46 ./Drivers/STM32F4xx_HAL_Driver/Src/stm32f4xx_ll_usb.o
                0x08005442                USB_ActivateSetup
 .text.USB_EP0_OutStart
                0x08005488       0xbc ./Drivers/STM32F4xx_HAL_Driver/Src/stm32f4xx_ll_usb.o
                0x08005488                USB_EP0_OutStart
 .text.USB_CoreReset
                0x08005544       0x70 ./Drivers/STM32F4xx_HAL_Driver/Src/stm32f4xx_ll_usb.o
 .text.__NVIC_SystemReset
                0x080055b4       0x2c ./Middlewares/ST/STM32_USB_Device_Library/Class/DFU/Src/usbd_dfu.o
 .text.USBD_DFU_Init
                0x080055e0       0xde ./Middlewares/ST/STM32_USB_Device_Library/Class/DFU/Src/usbd_dfu.o
 .text.USBD_DFU_DeInit
                0x080056be       0xa4 ./Middlewares/ST/STM32_USB_Device_Library/Class/DFU/Src/usbd_dfu.o
 *fill*         0x08005762        0x2 
 .text.USBD_DFU_Setup
                0x08005764      0x208 ./Middlewares/ST/STM32_USB_Device_Library/Class/DFU/Src/usbd_dfu.o
 .text.USBD_DFU_GetCfgDesc
                0x0800596c       0x20 ./Middlewares/ST/STM32_USB_Device_Library/Class/DFU/Src/usbd_dfu.o
 .text.USBD_DFU_EP0_RxReady
                0x0800598c       0x16 ./Middlewares/ST/STM32_USB_Device_Library/Class/DFU/Src/usbd_dfu.o
 .text.USBD_DFU_EP0_TxReady
                0x080059a2      0x220 ./Middlewares/ST/STM32_USB_Device_Library/Class/DFU/Src/usbd_dfu.o
 .text.USBD_DFU_SOF
                0x08005bc2       0x16 ./Middlewares/ST/STM32_USB_Device_Library/Class/DFU/Src/usbd_dfu.o
 .text.USBD_DFU_GetDeviceQualifierDesc
                0x08005bd8       0x20 ./Middlewares/ST/STM32_USB_Device_Library/Class/DFU/Src/usbd_dfu.o
 .text.USBD_DFU_GetUsrStringDesc
                0x08005bf8       0x4c ./Middlewares/ST/STM32_USB_Device_Library/Class/DFU/Src/usbd_dfu.o
 .text.USBD_DFU_RegisterMedia
                0x08005c44       0x34 ./Middlewares/ST/STM32_USB_Device_Library/Class/DFU/Src/usbd_dfu.o
                0x08005c44                USBD_DFU_RegisterMedia
 .text.DFU_Detach
                0x08005c78       0xe0 ./Middlewares/ST/STM32_USB_Device_Library/Class/DFU/Src/usbd_dfu.o
 .text.DFU_Download
                0x08005d58       0xec ./Middlewares/ST/STM32_USB_Device_Library/Class/DFU/Src/usbd_dfu.o
 .text.DFU_Upload
                0x08005e44      0x210 ./Middlewares/ST/STM32_USB_Device_Library/Class/DFU/Src/usbd_dfu.o
 .text.DFU_GetStatus
                0x08006054      0x198 ./Middlewares/ST/STM32_USB_Device_Library/Class/DFU/Src/usbd_dfu.o
 .text.DFU_ClearStatus
                0x080061ec       0xb0 ./Middlewares/ST/STM32_USB_Device_Library/Class/DFU/Src/usbd_dfu.o
 .text.DFU_GetState
                0x0800629c       0x38 ./Middlewares/ST/STM32_USB_Device_Library/Class/DFU/Src/usbd_dfu.o
 .text.DFU_Abort
                0x080062d4       0xaa ./Middlewares/ST/STM32_USB_Device_Library/Class/DFU/Src/usbd_dfu.o
 .text.DFU_Leave
                0x0800637e       0xca ./Middlewares/ST/STM32_USB_Device_Library/Class/DFU/Src/usbd_dfu.o
 .text.USBD_DFU_GetDfuFuncDesc
                0x08006448       0x5c ./Middlewares/ST/STM32_USB_Device_Library/Class/DFU/Src/usbd_dfu.o
 .text.USBD_Init
                0x080064a4       0x60 ./Middlewares/ST/STM32_USB_Device_Library/Core/Src/usbd_core.o
                0x080064a4                USBD_Init
 .text.USBD_RegisterClass
                0x08006504       0x6c ./Middlewares/ST/STM32_USB_Device_Library/Core/Src/usbd_core.o
                0x08006504                USBD_RegisterClass
 .text.USBD_Start
                0x08006570       0x18 ./Middlewares/ST/STM32_USB_Device_Library/Core/Src/usbd_core.o
                0x08006570                USBD_Start
 .text.USBD_Stop
                0x08006588       0x36 ./Middlewares/ST/STM32_USB_Device_Library/Core/Src/usbd_core.o
                0x08006588                USBD_Stop
 .text.USBD_RunTestMode
                0x080065be       0x16 ./Middlewares/ST/STM32_USB_Device_Library/Core/Src/usbd_core.o
                0x080065be                USBD_RunTestMode
 .text.USBD_SetClassConfig
                0x080065d4       0x38 ./Middlewares/ST/STM32_USB_Device_Library/Core/Src/usbd_core.o
                0x080065d4                USBD_SetClassConfig
 .text.USBD_ClrClassConfig
                0x0800660c       0x34 ./Middlewares/ST/STM32_USB_Device_Library/Core/Src/usbd_core.o
                0x0800660c                USBD_ClrClassConfig
 .text.USBD_LL_SetupStage
                0x08006640       0xaa ./Middlewares/ST/STM32_USB_Device_Library/Core/Src/usbd_core.o
                0x08006640                USBD_LL_SetupStage
 .text.USBD_LL_DataOutStage
                0x080066ea      0x178 ./Middlewares/ST/STM32_USB_Device_Library/Core/Src/usbd_core.o
                0x080066ea                USBD_LL_DataOutStage
 .text.USBD_LL_DataInStage
                0x08006862      0x176 ./Middlewares/ST/STM32_USB_Device_Library/Core/Src/usbd_core.o
                0x08006862                USBD_LL_DataInStage
 .text.USBD_LL_Reset
                0x080069d8       0xa6 ./Middlewares/ST/STM32_USB_Device_Library/Core/Src/usbd_core.o
                0x080069d8                USBD_LL_Reset
 .text.USBD_LL_SetSpeed
                0x08006a7e       0x20 ./Middlewares/ST/STM32_USB_Device_Library/Core/Src/usbd_core.o
                0x08006a7e                USBD_LL_SetSpeed
 .text.USBD_LL_Suspend
                0x08006a9e       0x38 ./Middlewares/ST/STM32_USB_Device_Library/Core/Src/usbd_core.o
                0x08006a9e                USBD_LL_Suspend
 .text.USBD_LL_Resume
                0x08006ad6       0x30 ./Middlewares/ST/STM32_USB_Device_Library/Core/Src/usbd_core.o
                0x08006ad6                USBD_LL_Resume
 .text.USBD_LL_SOF
                0x08006b06       0x40 ./Middlewares/ST/STM32_USB_Device_Library/Core/Src/usbd_core.o
                0x08006b06                USBD_LL_SOF
 .text.USBD_LL_IsoINIncomplete
                0x08006b46       0x64 ./Middlewares/ST/STM32_USB_Device_Library/Core/Src/usbd_core.o
                0x08006b46                USBD_LL_IsoINIncomplete
 .text.USBD_LL_IsoOUTIncomplete
                0x08006baa       0x64 ./Middlewares/ST/STM32_USB_Device_Library/Core/Src/usbd_core.o
                0x08006baa                USBD_LL_IsoOUTIncomplete
 .text.USBD_LL_DevConnected
                0x08006c0e       0x16 ./Middlewares/ST/STM32_USB_Device_Library/Core/Src/usbd_core.o
                0x08006c0e                USBD_LL_DevConnected
 .text.USBD_LL_DevDisconnected
                0x08006c24       0x46 ./Middlewares/ST/STM32_USB_Device_Library/Core/Src/usbd_core.o
                0x08006c24                USBD_LL_DevDisconnected
 .text.USBD_CoreFindIF
                0x08006c6a       0x1a ./Middlewares/ST/STM32_USB_Device_Library/Core/Src/usbd_core.o
                0x08006c6a                USBD_CoreFindIF
 .text.USBD_CoreFindEP
                0x08006c84       0x1a ./Middlewares/ST/STM32_USB_Device_Library/Core/Src/usbd_core.o
                0x08006c84                USBD_CoreFindEP
 .text.USBD_GetNextDesc
                0x08006c9e       0x38 ./Middlewares/ST/STM32_USB_Device_Library/Core/Src/usbd_core.o
                0x08006c9e                USBD_GetNextDesc
 .text.SWAPBYTE
                0x08006cd6       0x3e ./Middlewares/ST/STM32_USB_Device_Library/Core/Src/usbd_ctlreq.o
 .text.USBD_StdDevReq
                0x08006d14       0xe4 ./Middlewares/ST/STM32_USB_Device_Library/Core/Src/usbd_ctlreq.o
                0x08006d14                USBD_StdDevReq
 .text.USBD_StdItfReq
                0x08006df8       0xd8 ./Middlewares/ST/STM32_USB_Device_Library/Core/Src/usbd_ctlreq.o
                0x08006df8                USBD_StdItfReq
 .text.USBD_StdEPReq
                0x08006ed0      0x33e ./Middlewares/ST/STM32_USB_Device_Library/Core/Src/usbd_ctlreq.o
                0x08006ed0                USBD_StdEPReq
 *fill*         0x0800720e        0x2 
 .text.USBD_GetDescriptor
                0x08007210      0x320 ./Middlewares/ST/STM32_USB_Device_Library/Core/Src/usbd_ctlreq.o
 .text.USBD_SetAddress
                0x08007530       0x88 ./Middlewares/ST/STM32_USB_Device_Library/Core/Src/usbd_ctlreq.o
 .text.USBD_SetConfig
                0x080075b8      0x154 ./Middlewares/ST/STM32_USB_Device_Library/Core/Src/usbd_ctlreq.o
 .text.USBD_GetConfig
                0x0800770c       0x6c ./Middlewares/ST/STM32_USB_Device_Library/Core/Src/usbd_ctlreq.o
 .text.USBD_GetStatus
                0x08007778       0x68 ./Middlewares/ST/STM32_USB_Device_Library/Core/Src/usbd_ctlreq.o
 .text.USBD_SetFeature
                0x080077e0       0x52 ./Middlewares/ST/STM32_USB_Device_Library/Core/Src/usbd_ctlreq.o
 .text.USBD_ClrFeature
                0x08007832       0x44 ./Middlewares/ST/STM32_USB_Device_Library/Core/Src/usbd_ctlreq.o
 .text.USBD_ParseSetupRequest
                0x08007876       0x74 ./Middlewares/ST/STM32_USB_Device_Library/Core/Src/usbd_ctlreq.o
                0x08007876                USBD_ParseSetupRequest
 .text.USBD_CtlError
                0x080078ea       0x22 ./Middlewares/ST/STM32_USB_Device_Library/Core/Src/usbd_ctlreq.o
                0x080078ea                USBD_CtlError
 .text.USBD_GetString
                0x0800790c       0xa4 ./Middlewares/ST/STM32_USB_Device_Library/Core/Src/usbd_ctlreq.o
                0x0800790c                USBD_GetString
 .text.USBD_GetLen
                0x080079b0       0x34 ./Middlewares/ST/STM32_USB_Device_Library/Core/Src/usbd_ctlreq.o
 .text.USBD_CtlSendData
                0x080079e4       0x3c ./Middlewares/ST/STM32_USB_Device_Library/Core/Src/usbd_ioreq.o
                0x080079e4                USBD_CtlSendData
 .text.USBD_CtlContinueSendData
                0x08007a20       0x22 ./Middlewares/ST/STM32_USB_Device_Library/Core/Src/usbd_ioreq.o
                0x08007a20                USBD_CtlContinueSendData
 .text.USBD_CtlPrepareRx
                0x08007a42       0x42 ./Middlewares/ST/STM32_USB_Device_Library/Core/Src/usbd_ioreq.o
                0x08007a42                USBD_CtlPrepareRx
 .text.USBD_CtlContinueRx
                0x08007a84       0x22 ./Middlewares/ST/STM32_USB_Device_Library/Core/Src/usbd_ioreq.o
                0x08007a84                USBD_CtlContinueRx
 .text.USBD_CtlSendStatus
                0x08007aa6       0x26 ./Middlewares/ST/STM32_USB_Device_Library/Core/Src/usbd_ioreq.o
                0x08007aa6                USBD_CtlSendStatus
 .text.USBD_CtlReceiveStatus
                0x08007acc       0x26 ./Middlewares/ST/STM32_USB_Device_Library/Core/Src/usbd_ioreq.o
                0x08007acc                USBD_CtlReceiveStatus
 *fill*         0x08007af2        0x2 
 .text.MX_USB_DEVICE_Init
                0x08007af4       0x60 ./USB_DEVICE/App/usb_device.o
                0x08007af4                MX_USB_DEVICE_Init
 .text.USBD_FS_DeviceDescriptor
                0x08007b54       0x24 ./USB_DEVICE/App/usbd_desc.o
                0x08007b54                USBD_FS_DeviceDescriptor
 .text.USBD_FS_LangIDStrDescriptor
                0x08007b78       0x24 ./USB_DEVICE/App/usbd_desc.o
                0x08007b78                USBD_FS_LangIDStrDescriptor
 .text.USBD_FS_ProductStrDescriptor
                0x08007b9c       0x3c ./USB_DEVICE/App/usbd_desc.o
                0x08007b9c                USBD_FS_ProductStrDescriptor
 .text.USBD_FS_ManufacturerStrDescriptor
                0x08007bd8       0x28 ./USB_DEVICE/App/usbd_desc.o
                0x08007bd8                USBD_FS_ManufacturerStrDescriptor
 .text.USBD_FS_SerialStrDescriptor
                0x08007c00       0x24 ./USB_DEVICE/App/usbd_desc.o
                0x08007c00                USBD_FS_SerialStrDescriptor
 .text.USBD_FS_ConfigStrDescriptor
                0x08007c24       0x3c ./USB_DEVICE/App/usbd_desc.o
                0x08007c24                USBD_FS_ConfigStrDescriptor
 .text.USBD_FS_InterfaceStrDescriptor
                0x08007c60       0x3c ./USB_DEVICE/App/usbd_desc.o
                0x08007c60                USBD_FS_InterfaceStrDescriptor
 .text.Get_SerialNum
                0x08007c9c       0x58 ./USB_DEVICE/App/usbd_desc.o
 .text.IntToUnicode
                0x08007cf4       0x7e ./USB_DEVICE/App/usbd_desc.o
 .text.MEM_If_Init_FS
                0x08007d72        0xe ./USB_DEVICE/App/usbd_dfu_if.o
 .text.MEM_If_DeInit_FS
                0x08007d80        0xe ./USB_DEVICE/App/usbd_dfu_if.o
 *fill*         0x08007d8e        0x2 
 .text.MEM_If_Erase_FS
                0x08007d90       0x70 ./USB_DEVICE/App/usbd_dfu_if.o
 .text.MEM_If_Write_FS
                0x08007e00       0x80 ./USB_DEVICE/App/usbd_dfu_if.o
 .text.MEM_If_Read_FS
                0x08007e80       0x46 ./USB_DEVICE/App/usbd_dfu_if.o
 .text.MEM_If_GetStatus_FS
                0x08007ec6       0x5a ./USB_DEVICE/App/usbd_dfu_if.o
 .text.GetSector
                0x08007f20       0xd4 ./USB_DEVICE/App/usbd_dfu_if.o
 .text.GetBank  0x08007ff4       0x1e ./USB_DEVICE/App/usbd_dfu_if.o
 *fill*         0x08008012        0x2 
 .text.HAL_PCD_MspInit
                0x08008014       0xc4 ./USB_DEVICE/Target/usbd_conf.o
                0x08008014                HAL_PCD_MspInit
 .text.HAL_PCD_SetupStageCallback
                0x080080d8       0x24 ./USB_DEVICE/Target/usbd_conf.o
                0x080080d8                HAL_PCD_SetupStageCallback
 .text.HAL_PCD_DataOutStageCallback
                0x080080fc       0x36 ./USB_DEVICE/Target/usbd_conf.o
                0x080080fc                HAL_PCD_DataOutStageCallback
 .text.HAL_PCD_DataInStageCallback
                0x08008132       0x34 ./USB_DEVICE/Target/usbd_conf.o
                0x08008132                HAL_PCD_DataInStageCallback
 .text.HAL_PCD_SOFCallback
                0x08008166       0x1c ./USB_DEVICE/Target/usbd_conf.o
                0x08008166                HAL_PCD_SOFCallback
 .text.HAL_PCD_ResetCallback
                0x08008182       0x50 ./USB_DEVICE/Target/usbd_conf.o
                0x08008182                HAL_PCD_ResetCallback
 *fill*         0x080081d2        0x2 
 .text.HAL_PCD_SuspendCallback
                0x080081d4       0x4c ./USB_DEVICE/Target/usbd_conf.o
                0x080081d4                HAL_PCD_SuspendCallback
 .text.HAL_PCD_ResumeCallback
                0x08008220       0x1c ./USB_DEVICE/Target/usbd_conf.o
                0x08008220                HAL_PCD_ResumeCallback
 .text.HAL_PCD_ISOOUTIncompleteCallback
                0x0800823c       0x24 ./USB_DEVICE/Target/usbd_conf.o
                0x0800823c                HAL_PCD_ISOOUTIncompleteCallback
 .text.HAL_PCD_ISOINIncompleteCallback
                0x08008260       0x24 ./USB_DEVICE/Target/usbd_conf.o
                0x08008260                HAL_PCD_ISOINIncompleteCallback
 .text.HAL_PCD_ConnectCallback
                0x08008284       0x1c ./USB_DEVICE/Target/usbd_conf.o
                0x08008284                HAL_PCD_ConnectCallback
 .text.HAL_PCD_DisconnectCallback
                0x080082a0       0x1c ./USB_DEVICE/Target/usbd_conf.o
                0x080082a0                HAL_PCD_DisconnectCallback
 .text.USBD_LL_Init
                0x080082bc       0x98 ./USB_DEVICE/Target/usbd_conf.o
                0x080082bc                USBD_LL_Init
 .text.USBD_LL_Start
                0x08008354       0x36 ./USB_DEVICE/Target/usbd_conf.o
                0x08008354                USBD_LL_Start
 .text.USBD_LL_Stop
                0x0800838a       0x36 ./USB_DEVICE/Target/usbd_conf.o
                0x0800838a                USBD_LL_Stop
 .text.USBD_LL_OpenEP
                0x080083c0       0x4c ./USB_DEVICE/Target/usbd_conf.o
                0x080083c0                USBD_LL_OpenEP
 .text.USBD_LL_StallEP
                0x0800840c       0x3e ./USB_DEVICE/Target/usbd_conf.o
                0x0800840c                USBD_LL_StallEP
 .text.USBD_LL_ClearStallEP
                0x0800844a       0x3e ./USB_DEVICE/Target/usbd_conf.o
                0x0800844a                USBD_LL_ClearStallEP
 .text.USBD_LL_IsStallEP
                0x08008488       0x58 ./USB_DEVICE/Target/usbd_conf.o
                0x08008488                USBD_LL_IsStallEP
 .text.USBD_LL_SetUSBAddress
                0x080084e0       0x3e ./USB_DEVICE/Target/usbd_conf.o
                0x080084e0                USBD_LL_SetUSBAddress
 .text.USBD_LL_Transmit
                0x0800851e       0x42 ./USB_DEVICE/Target/usbd_conf.o
                0x0800851e                USBD_LL_Transmit
 .text.USBD_LL_PrepareReceive
                0x08008560       0x42 ./USB_DEVICE/Target/usbd_conf.o
                0x08008560                USBD_LL_PrepareReceive
 *fill*         0x080085a2        0x2 
 .text.USBD_static_malloc
                0x080085a4       0x1c ./USB_DEVICE/Target/usbd_conf.o
                0x080085a4                USBD_static_malloc
 .text.USBD_static_free
                0x080085c0       0x14 ./USB_DEVICE/Target/usbd_conf.o
                0x080085c0                USBD_static_free
 .text.USBD_Get_USB_Status
                0x080085d4       0x58 ./USB_DEVICE/Target/usbd_conf.o
                0x080085d4                USBD_Get_USB_Status
 .text.memset   0x0800862c       0x10 C:/ST/STM32CubeIDE_1.19.0/STM32CubeIDE/plugins/com.st.stm32cube.ide.mcu.externaltools.gnu-tools-for-stm32.13.3.rel1.win32_1.0.0.202411081344/tools/bin/../lib/gcc/arm-none-eabi/13.3.1/../../../../arm-none-eabi/lib/thumb/v7e-m+fp/hard\libc_nano.a(libc_a-memset.o)
                0x0800862c                memset
 .text.__libc_init_array
                0x0800863c       0x48 C:/ST/STM32CubeIDE_1.19.0/STM32CubeIDE/plugins/com.st.stm32cube.ide.mcu.externaltools.gnu-tools-for-stm32.13.3.rel1.win32_1.0.0.202411081344/tools/bin/../lib/gcc/arm-none-eabi/13.3.1/../../../../arm-none-eabi/lib/thumb/v7e-m+fp/hard\libc_nano.a(libc_a-init.o)
                0x0800863c                __libc_init_array
 *(.glue_7)
 .glue_7        0x08008684        0x0 linker stubs
 *(.glue_7t)
 .glue_7t       0x08008684        0x0 linker stubs
 *(.eh_frame)
 .eh_frame      0x08008684        0x0 C:/ST/STM32CubeIDE_1.19.0/STM32CubeIDE/plugins/com.st.stm32cube.ide.mcu.externaltools.gnu-tools-for-stm32.13.3.rel1.win32_1.0.0.202411081344/tools/bin/../lib/gcc/arm-none-eabi/13.3.1/thumb/v7e-m+fp/hard/crtbegin.o
 *(.init)
 .init          0x08008684        0x4 C:/ST/STM32CubeIDE_1.19.0/STM32CubeIDE/plugins/com.st.stm32cube.ide.mcu.externaltools.gnu-tools-for-stm32.13.3.rel1.win32_1.0.0.202411081344/tools/bin/../lib/gcc/arm-none-eabi/13.3.1/thumb/v7e-m+fp/hard/crti.o
                0x08008684                _init
 .init          0x08008688        0x8 C:/ST/STM32CubeIDE_1.19.0/STM32CubeIDE/plugins/com.st.stm32cube.ide.mcu.externaltools.gnu-tools-for-stm32.13.3.rel1.win32_1.0.0.202411081344/tools/bin/../lib/gcc/arm-none-eabi/13.3.1/thumb/v7e-m+fp/hard/crtn.o
 *(.fini)
 .fini          0x08008690        0x4 C:/ST/STM32CubeIDE_1.19.0/STM32CubeIDE/plugins/com.st.stm32cube.ide.mcu.externaltools.gnu-tools-for-stm32.13.3.rel1.win32_1.0.0.202411081344/tools/bin/../lib/gcc/arm-none-eabi/13.3.1/thumb/v7e-m+fp/hard/crti.o
                0x08008690                _fini
 .fini          0x08008694        0x8 C:/ST/STM32CubeIDE_1.19.0/STM32CubeIDE/plugins/com.st.stm32cube.ide.mcu.externaltools.gnu-tools-for-stm32.13.3.rel1.win32_1.0.0.202411081344/tools/bin/../lib/gcc/arm-none-eabi/13.3.1/thumb/v7e-m+fp/hard/crtn.o
                0x0800869c                        . = ALIGN (0x4)
                0x0800869c                        _etext = .

.vfp11_veneer   0x0800869c        0x0
 .vfp11_veneer  0x0800869c        0x0 linker stubs

.v4_bx          0x0800869c        0x0
 .v4_bx         0x0800869c        0x0 linker stubs

.iplt           0x0800869c        0x0
 .iplt          0x0800869c        0x0 C:/ST/STM32CubeIDE_1.19.0/STM32CubeIDE/plugins/com.st.stm32cube.ide.mcu.externaltools.gnu-tools-for-stm32.13.3.rel1.win32_1.0.0.202411081344/tools/bin/../lib/gcc/arm-none-eabi/13.3.1/thumb/v7e-m+fp/hard/crtbegin.o

.rodata         0x0800869c       0xb4
                0x0800869c                        . = ALIGN (0x4)
 *(.rodata)
 .rodata        0x0800869c       0x4e ./USB_DEVICE/App/usbd_desc.o
 *fill*         0x080086ea        0x2 
 .rodata        0x080086ec       0x4b ./USB_DEVICE/App/usbd_dfu_if.o
 *(.rodata*)
 *fill*         0x08008737        0x1 
 .rodata.AHBPrescTable
                0x08008738       0x10 ./Core/Src/system_stm32f4xx.o
                0x08008738                AHBPrescTable
 .rodata.APBPrescTable
                0x08008748        0x8 ./Core/Src/system_stm32f4xx.o
                0x08008748                APBPrescTable
                0x08008750                        . = ALIGN (0x4)

.ARM.extab      0x08008750        0x0
                0x08008750                        . = ALIGN (0x4)
 *(.ARM.extab* .gnu.linkonce.armextab.*)
                0x08008750                        . = ALIGN (0x4)

.ARM            0x08008750        0x8
                0x08008750                        . = ALIGN (0x4)
                0x08008750                        __exidx_start = .
 *(.ARM.exidx*)
 .ARM.exidx     0x08008750        0x8 C:/ST/STM32CubeIDE_1.19.0/STM32CubeIDE/plugins/com.st.stm32cube.ide.mcu.externaltools.gnu-tools-for-stm32.13.3.rel1.win32_1.0.0.202411081344/tools/bin/../lib/gcc/arm-none-eabi/13.3.1/thumb/v7e-m+fp/hard\libgcc.a(_udivmoddi4.o)
                0x08008758                        __exidx_end = .
                0x08008758                        . = ALIGN (0x4)

.preinit_array  0x08008758        0x0
                0x08008758                        . = ALIGN (0x4)
                0x08008758                        PROVIDE (__preinit_array_start = .)
 *(.preinit_array*)
                0x08008758                        PROVIDE (__preinit_array_end = .)
                0x08008758                        . = ALIGN (0x4)

.init_array     0x08008758        0x4
                0x08008758                        . = ALIGN (0x4)
                0x08008758                        PROVIDE (__init_array_start = .)
 *(SORT_BY_NAME(.init_array.*))
 *(.init_array*)
 .init_array    0x08008758        0x4 C:/ST/STM32CubeIDE_1.19.0/STM32CubeIDE/plugins/com.st.stm32cube.ide.mcu.externaltools.gnu-tools-for-stm32.13.3.rel1.win32_1.0.0.202411081344/tools/bin/../lib/gcc/arm-none-eabi/13.3.1/thumb/v7e-m+fp/hard/crtbegin.o
                0x0800875c                        PROVIDE (__init_array_end = .)
                0x0800875c                        . = ALIGN (0x4)

.fini_array     0x0800875c        0x4
                0x0800875c                        . = ALIGN (0x4)
                [!provide]                        PROVIDE (__fini_array_start = .)
 *(SORT_BY_NAME(.fini_array.*))
 *(.fini_array*)
 .fini_array    0x0800875c        0x4 C:/ST/STM32CubeIDE_1.19.0/STM32CubeIDE/plugins/com.st.stm32cube.ide.mcu.externaltools.gnu-tools-for-stm32.13.3.rel1.win32_1.0.0.202411081344/tools/bin/../lib/gcc/arm-none-eabi/13.3.1/thumb/v7e-m+fp/hard/crtbegin.o
                [!provide]                        PROVIDE (__fini_array_end = .)
                0x08008760                        . = ALIGN (0x4)
                0x08008760                        _sidata = LOADADDR (.data)

.rel.dyn        0x08008760        0x0
 .rel.iplt      0x08008760        0x0 C:/ST/STM32CubeIDE_1.19.0/STM32CubeIDE/plugins/com.st.stm32cube.ide.mcu.externaltools.gnu-tools-for-stm32.13.3.rel1.win32_1.0.0.202411081344/tools/bin/../lib/gcc/arm-none-eabi/13.3.1/thumb/v7e-m+fp/hard/crtbegin.o

.data           0x20000000       0xfc load address 0x08008760
                0x20000000                        . = ALIGN (0x4)
                0x20000000                        _sdata = .
 *(.data)
 *(.data*)
 .data.SystemCoreClock
                0x20000000        0x4 ./Core/Src/system_stm32f4xx.o
                0x20000000                SystemCoreClock
 .data.uwTickPrio
                0x20000004        0x4 ./Drivers/STM32F4xx_HAL_Driver/Src/stm32f4xx_hal.o
                0x20000004                uwTickPrio
 .data.uwTickFreq
                0x20000008        0x1 ./Drivers/STM32F4xx_HAL_Driver/Src/stm32f4xx_hal.o
                0x20000008                uwTickFreq
 *fill*         0x20000009        0x3 
 .data.pFlash   0x2000000c       0x20 ./Drivers/STM32F4xx_HAL_Driver/Src/stm32f4xx_hal_flash.o
                0x2000000c                pFlash
 .data.USBD_DFU
                0x2000002c       0x3c ./Middlewares/ST/STM32_USB_Device_Library/Class/DFU/Src/usbd_dfu.o
                0x2000002c                USBD_DFU
 .data.USBD_DFU_CfgDesc
                0x20000068       0x1b ./Middlewares/ST/STM32_USB_Device_Library/Class/DFU/Src/usbd_dfu.o
 *fill*         0x20000083        0x1 
 .data.USBD_DFU_DeviceQualifierDesc
                0x20000084        0xa ./Middlewares/ST/STM32_USB_Device_Library/Class/DFU/Src/usbd_dfu.o
 *fill*         0x2000008e        0x2 
 .data.FS_Desc  0x20000090       0x1c ./USB_DEVICE/App/usbd_desc.o
                0x20000090                FS_Desc
 .data.USBD_FS_DeviceDesc
                0x200000ac       0x12 ./USB_DEVICE/App/usbd_desc.o
                0x200000ac                USBD_FS_DeviceDesc
 *fill*         0x200000be        0x2 
 .data.USBD_LangIDDesc
                0x200000c0        0x4 ./USB_DEVICE/App/usbd_desc.o
                0x200000c0                USBD_LangIDDesc
 .data.USBD_StringSerial
                0x200000c4       0x1a ./USB_DEVICE/App/usbd_desc.o
                0x200000c4                USBD_StringSerial
 *fill*         0x200000de        0x2 
 .data.USBD_DFU_fops_FS
                0x200000e0       0x1c ./USB_DEVICE/App/usbd_dfu_if.o
                0x200000e0                USBD_DFU_fops_FS
 *(.RamFunc)
 *(.RamFunc*)
                0x200000fc                        . = ALIGN (0x4)
                0x200000fc                        _edata = .
                0x0800885c                        _siccmram = LOADADDR (.ccmram)

.igot.plt       0x200000fc        0x0 load address 0x0800885c
 .igot.plt      0x200000fc        0x0 C:/ST/STM32CubeIDE_1.19.0/STM32CubeIDE/plugins/com.st.stm32cube.ide.mcu.externaltools.gnu-tools-for-stm32.13.3.rel1.win32_1.0.0.202411081344/tools/bin/../lib/gcc/arm-none-eabi/13.3.1/thumb/v7e-m+fp/hard/crtbegin.o

.ccmram         0x10000000        0x0 load address 0x0800885c
                0x10000000                        . = ALIGN (0x4)
                0x10000000                        _sccmram = .
 *(.ccmram)
 *(.ccmram*)
                0x10000000                        . = ALIGN (0x4)
                0x10000000                        _eccmram = .
                0x10000000                        . = ALIGN (0x4)

.bss            0x200000fc      0xf6c
                0x200000fc                        _sbss = .
                0x200000fc                        __bss_start__ = _sbss
 *(.bss)
 .bss           0x200000fc       0x1c C:/ST/STM32CubeIDE_1.19.0/STM32CubeIDE/plugins/com.st.stm32cube.ide.mcu.externaltools.gnu-tools-for-stm32.13.3.rel1.win32_1.0.0.202411081344/tools/bin/../lib/gcc/arm-none-eabi/13.3.1/thumb/v7e-m+fp/hard/crtbegin.o
 *(.bss*)
 .bss.hrtc      0x20000118       0x20 ./Core/Src/main.o
                0x20000118                hrtc
 .bss.huart5    0x20000138       0x48 ./Core/Src/main.o
                0x20000138                huart5
 .bss.uwTick    0x20000180        0x4 ./Drivers/STM32F4xx_HAL_Driver/Src/stm32f4xx_hal.o
                0x20000180                uwTick
 .bss.USBD_StrDesc.0
                0x20000184       0xff ./Middlewares/ST/STM32_USB_Device_Library/Class/DFU/Src/usbd_dfu.o
 .bss.cfgidx.0  0x20000283        0x1 ./Middlewares/ST/STM32_USB_Device_Library/Core/Src/usbd_ctlreq.o
 .bss.hUsbDeviceFS
                0x20000284      0x2dc ./USB_DEVICE/App/usb_device.o
                0x20000284                hUsbDeviceFS
 .bss.USBD_StrDesc
                0x20000560      0x200 ./USB_DEVICE/App/usbd_desc.o
                0x20000560                USBD_StrDesc
 .bss.hpcd_USB_OTG_FS
                0x20000760      0x4e4 ./USB_DEVICE/Target/usbd_conf.o
                0x20000760                hpcd_USB_OTG_FS
 .bss.mem.0     0x20000c44      0x424 ./USB_DEVICE/Target/usbd_conf.o
 *(COMMON)
                0x20001068                        . = ALIGN (0x4)
                0x20001068                        _ebss = .
                0x20001068                        __bss_end__ = _ebss

._user_heap_stack
                0x20001068      0x600
                0x20001068                        . = ALIGN (0x8)
                [!provide]                        PROVIDE (end = .)
                0x20001068                        PROVIDE (_end = .)
                0x20001268                        . = (. + _Min_Heap_Size)
 *fill*         0x20001068      0x200 
                0x20001668                        . = (. + _Min_Stack_Size)
 *fill*         0x20001268      0x400 
                0x20001668                        . = ALIGN (0x8)

/DISCARD/
 libc.a(*)
 libm.a(*)
 libgcc.a(*)

.ARM.attributes
                0x00000000       0x30
 *(.ARM.attributes)
 .ARM.attributes
                0x00000000       0x22 C:/ST/STM32CubeIDE_1.19.0/STM32CubeIDE/plugins/com.st.stm32cube.ide.mcu.externaltools.gnu-tools-for-stm32.13.3.rel1.win32_1.0.0.202411081344/tools/bin/../lib/gcc/arm-none-eabi/13.3.1/thumb/v7e-m+fp/hard/crti.o
 .ARM.attributes
                0x00000022       0x34 C:/ST/STM32CubeIDE_1.19.0/STM32CubeIDE/plugins/com.st.stm32cube.ide.mcu.externaltools.gnu-tools-for-stm32.13.3.rel1.win32_1.0.0.202411081344/tools/bin/../lib/gcc/arm-none-eabi/13.3.1/thumb/v7e-m+fp/hard/crtbegin.o
 .ARM.attributes
                0x00000056       0x34 ./Core/Src/jump_to_app.o
 .ARM.attributes
                0x0000008a       0x34 ./Core/Src/main.o
 .ARM.attributes
                0x000000be       0x34 ./Core/Src/stm32f4xx_hal_msp.o
 .ARM.attributes
                0x000000f2       0x34 ./Core/Src/stm32f4xx_it.o
 .ARM.attributes
                0x00000126       0x34 ./Core/Src/system_stm32f4xx.o
 .ARM.attributes
                0x0000015a       0x21 ./Core/Startup/startup_stm32f407vetx.o
 .ARM.attributes
                0x0000017b       0x34 ./Drivers/STM32F4xx_HAL_Driver/Src/stm32f4xx_hal.o
 .ARM.attributes
                0x000001af       0x34 ./Drivers/STM32F4xx_HAL_Driver/Src/stm32f4xx_hal_cortex.o
 .ARM.attributes
                0x000001e3       0x34 ./Drivers/STM32F4xx_HAL_Driver/Src/stm32f4xx_hal_flash.o
 .ARM.attributes
                0x00000217       0x34 ./Drivers/STM32F4xx_HAL_Driver/Src/stm32f4xx_hal_flash_ex.o
 .ARM.attributes
                0x0000024b       0x34 ./Drivers/STM32F4xx_HAL_Driver/Src/stm32f4xx_hal_gpio.o
 .ARM.attributes
                0x0000027f       0x34 ./Drivers/STM32F4xx_HAL_Driver/Src/stm32f4xx_hal_pcd.o
 .ARM.attributes
                0x000002b3       0x34 ./Drivers/STM32F4xx_HAL_Driver/Src/stm32f4xx_hal_pcd_ex.o
 .ARM.attributes
                0x000002e7       0x34 ./Drivers/STM32F4xx_HAL_Driver/Src/stm32f4xx_hal_rcc.o
 .ARM.attributes
                0x0000031b       0x34 ./Drivers/STM32F4xx_HAL_Driver/Src/stm32f4xx_hal_rcc_ex.o
 .ARM.attributes
                0x0000034f       0x34 ./Drivers/STM32F4xx_HAL_Driver/Src/stm32f4xx_hal_rtc.o
 .ARM.attributes
                0x00000383       0x34 ./Drivers/STM32F4xx_HAL_Driver/Src/stm32f4xx_hal_rtc_ex.o
 .ARM.attributes
                0x000003b7       0x34 ./Drivers/STM32F4xx_HAL_Driver/Src/stm32f4xx_hal_uart.o
 .ARM.attributes
                0x000003eb       0x34 ./Drivers/STM32F4xx_HAL_Driver/Src/stm32f4xx_ll_usb.o
 .ARM.attributes
                0x0000041f       0x34 ./Middlewares/ST/STM32_USB_Device_Library/Class/DFU/Src/usbd_dfu.o
 .ARM.attributes
                0x00000453       0x34 ./Middlewares/ST/STM32_USB_Device_Library/Core/Src/usbd_core.o
 .ARM.attributes
                0x00000487       0x34 ./Middlewares/ST/STM32_USB_Device_Library/Core/Src/usbd_ctlreq.o
 .ARM.attributes
                0x000004bb       0x34 ./Middlewares/ST/STM32_USB_Device_Library/Core/Src/usbd_ioreq.o
 .ARM.attributes
                0x000004ef       0x34 ./USB_DEVICE/App/usb_device.o
 .ARM.attributes
                0x00000523       0x34 ./USB_DEVICE/App/usbd_desc.o
 .ARM.attributes
                0x00000557       0x34 ./USB_DEVICE/App/usbd_dfu_if.o
 .ARM.attributes
                0x0000058b       0x34 ./USB_DEVICE/Target/usbd_conf.o
 .ARM.attributes
                0x000005bf       0x34 C:/ST/STM32CubeIDE_1.19.0/STM32CubeIDE/plugins/com.st.stm32cube.ide.mcu.externaltools.gnu-tools-for-stm32.13.3.rel1.win32_1.0.0.202411081344/tools/bin/../lib/gcc/arm-none-eabi/13.3.1/../../../../arm-none-eabi/lib/thumb/v7e-m+fp/hard\libc_nano.a(libc_a-memset.o)
 .ARM.attributes
                0x000005f3       0x34 C:/ST/STM32CubeIDE_1.19.0/STM32CubeIDE/plugins/com.st.stm32cube.ide.mcu.externaltools.gnu-tools-for-stm32.13.3.rel1.win32_1.0.0.202411081344/tools/bin/../lib/gcc/arm-none-eabi/13.3.1/../../../../arm-none-eabi/lib/thumb/v7e-m+fp/hard\libc_nano.a(libc_a-init.o)
 .ARM.attributes
                0x00000627       0x22 C:/ST/STM32CubeIDE_1.19.0/STM32CubeIDE/plugins/com.st.stm32cube.ide.mcu.externaltools.gnu-tools-for-stm32.13.3.rel1.win32_1.0.0.202411081344/tools/bin/../lib/gcc/arm-none-eabi/13.3.1/thumb/v7e-m+fp/hard\libgcc.a(_aeabi_uldivmod.o)
 .ARM.attributes
                0x00000649       0x34 C:/ST/STM32CubeIDE_1.19.0/STM32CubeIDE/plugins/com.st.stm32cube.ide.mcu.externaltools.gnu-tools-for-stm32.13.3.rel1.win32_1.0.0.202411081344/tools/bin/../lib/gcc/arm-none-eabi/13.3.1/thumb/v7e-m+fp/hard\libgcc.a(_udivmoddi4.o)
 .ARM.attributes
                0x0000067d       0x22 C:/ST/STM32CubeIDE_1.19.0/STM32CubeIDE/plugins/com.st.stm32cube.ide.mcu.externaltools.gnu-tools-for-stm32.13.3.rel1.win32_1.0.0.202411081344/tools/bin/../lib/gcc/arm-none-eabi/13.3.1/thumb/v7e-m+fp/hard\libgcc.a(_dvmd_tls.o)
 .ARM.attributes
                0x0000069f       0x22 C:/ST/STM32CubeIDE_1.19.0/STM32CubeIDE/plugins/com.st.stm32cube.ide.mcu.externaltools.gnu-tools-for-stm32.13.3.rel1.win32_1.0.0.202411081344/tools/bin/../lib/gcc/arm-none-eabi/13.3.1/thumb/v7e-m+fp/hard/crtn.o
OUTPUT(Stm32f407_dfu_BTL.elf elf32-littlearm)
LOAD linker stubs
LOAD C:/ST/STM32CubeIDE_1.19.0/STM32CubeIDE/plugins/com.st.stm32cube.ide.mcu.externaltools.gnu-tools-for-stm32.13.3.rel1.win32_1.0.0.202411081344/tools/bin/../lib/gcc/arm-none-eabi/13.3.1/../../../../arm-none-eabi/lib/thumb/v7e-m+fp/hard\libc.a
LOAD C:/ST/STM32CubeIDE_1.19.0/STM32CubeIDE/plugins/com.st.stm32cube.ide.mcu.externaltools.gnu-tools-for-stm32.13.3.rel1.win32_1.0.0.202411081344/tools/bin/../lib/gcc/arm-none-eabi/13.3.1/../../../../arm-none-eabi/lib/thumb/v7e-m+fp/hard\libm.a
LOAD C:/ST/STM32CubeIDE_1.19.0/STM32CubeIDE/plugins/com.st.stm32cube.ide.mcu.externaltools.gnu-tools-for-stm32.13.3.rel1.win32_1.0.0.202411081344/tools/bin/../lib/gcc/arm-none-eabi/13.3.1/thumb/v7e-m+fp/hard\libgcc.a

.debug_info     0x00000000    0x1445e
 .debug_info    0x00000000      0x3ab ./Core/Src/jump_to_app.o
 .debug_info    0x000003ab      0xfab ./Core/Src/main.o
 .debug_info    0x00001356      0xdb3 ./Core/Src/stm32f4xx_hal_msp.o
 .debug_info    0x00002109      0x627 ./Core/Src/stm32f4xx_it.o
 .debug_info    0x00002730      0x512 ./Core/Src/system_stm32f4xx.o
 .debug_info    0x00002c42       0x30 ./Core/Startup/startup_stm32f407vetx.o
 .debug_info    0x00002c72      0x944 ./Drivers/STM32F4xx_HAL_Driver/Src/stm32f4xx_hal.o
 .debug_info    0x000035b6      0xd8c ./Drivers/STM32F4xx_HAL_Driver/Src/stm32f4xx_hal_cortex.o
 .debug_info    0x00004342      0x57d ./Drivers/STM32F4xx_HAL_Driver/Src/stm32f4xx_hal_flash.o
 .debug_info    0x000048bf      0x67f ./Drivers/STM32F4xx_HAL_Driver/Src/stm32f4xx_hal_flash_ex.o
 .debug_info    0x00004f3e      0x6c3 ./Drivers/STM32F4xx_HAL_Driver/Src/stm32f4xx_hal_gpio.o
 .debug_info    0x00005601     0x156f ./Drivers/STM32F4xx_HAL_Driver/Src/stm32f4xx_hal_pcd.o
 .debug_info    0x00006b70      0x6ea ./Drivers/STM32F4xx_HAL_Driver/Src/stm32f4xx_hal_pcd_ex.o
 .debug_info    0x0000725a      0x8c3 ./Drivers/STM32F4xx_HAL_Driver/Src/stm32f4xx_hal_rcc.o
 .debug_info    0x00007b1d      0x536 ./Drivers/STM32F4xx_HAL_Driver/Src/stm32f4xx_hal_rcc_ex.o
 .debug_info    0x00008053      0xc20 ./Drivers/STM32F4xx_HAL_Driver/Src/stm32f4xx_hal_rtc.o
 .debug_info    0x00008c73      0xec2 ./Drivers/STM32F4xx_HAL_Driver/Src/stm32f4xx_hal_rtc_ex.o
 .debug_info    0x00009b35     0x2f4f ./Drivers/STM32F4xx_HAL_Driver/Src/stm32f4xx_hal_uart.o
 .debug_info    0x0000ca84     0x1993 ./Drivers/STM32F4xx_HAL_Driver/Src/stm32f4xx_ll_usb.o
 .debug_info    0x0000e417     0x1208 ./Middlewares/ST/STM32_USB_Device_Library/Class/DFU/Src/usbd_dfu.o
 .debug_info    0x0000f61f      0xe3d ./Middlewares/ST/STM32_USB_Device_Library/Core/Src/usbd_core.o
 .debug_info    0x0001045c      0xb2b ./Middlewares/ST/STM32_USB_Device_Library/Core/Src/usbd_ctlreq.o
 .debug_info    0x00010f87      0x78d ./Middlewares/ST/STM32_USB_Device_Library/Core/Src/usbd_ioreq.o
 .debug_info    0x00011714      0x764 ./USB_DEVICE/App/usb_device.o
 .debug_info    0x00011e78      0x458 ./USB_DEVICE/App/usbd_desc.o
 .debug_info    0x000122d0      0x4e8 ./USB_DEVICE/App/usbd_dfu_if.o
 .debug_info    0x000127b8     0x1ca6 ./USB_DEVICE/Target/usbd_conf.o

.debug_abbrev   0x00000000     0x3a2c
 .debug_abbrev  0x00000000      0x1a1 ./Core/Src/jump_to_app.o
 .debug_abbrev  0x000001a1      0x29e ./Core/Src/main.o
 .debug_abbrev  0x0000043f      0x1ee ./Core/Src/stm32f4xx_hal_msp.o
 .debug_abbrev  0x0000062d      0x1a4 ./Core/Src/stm32f4xx_it.o
 .debug_abbrev  0x000007d1      0x11a ./Core/Src/system_stm32f4xx.o
 .debug_abbrev  0x000008eb       0x24 ./Core/Startup/startup_stm32f407vetx.o
 .debug_abbrev  0x0000090f      0x214 ./Drivers/STM32F4xx_HAL_Driver/Src/stm32f4xx_hal.o
 .debug_abbrev  0x00000b23      0x31d ./Drivers/STM32F4xx_HAL_Driver/Src/stm32f4xx_hal_cortex.o
 .debug_abbrev  0x00000e40      0x28c ./Drivers/STM32F4xx_HAL_Driver/Src/stm32f4xx_hal_flash.o
 .debug_abbrev  0x000010cc      0x249 ./Drivers/STM32F4xx_HAL_Driver/Src/stm32f4xx_hal_flash_ex.o
 .debug_abbrev  0x00001315      0x1d4 ./Drivers/STM32F4xx_HAL_Driver/Src/stm32f4xx_hal_gpio.o
 .debug_abbrev  0x000014e9      0x2b9 ./Drivers/STM32F4xx_HAL_Driver/Src/stm32f4xx_hal_pcd.o
 .debug_abbrev  0x000017a2      0x1da ./Drivers/STM32F4xx_HAL_Driver/Src/stm32f4xx_hal_pcd_ex.o
 .debug_abbrev  0x0000197c      0x2b7 ./Drivers/STM32F4xx_HAL_Driver/Src/stm32f4xx_hal_rcc.o
 .debug_abbrev  0x00001c33      0x1b0 ./Drivers/STM32F4xx_HAL_Driver/Src/stm32f4xx_hal_rcc_ex.o
 .debug_abbrev  0x00001de3      0x1dd ./Drivers/STM32F4xx_HAL_Driver/Src/stm32f4xx_hal_rtc.o
 .debug_abbrev  0x00001fc0      0x207 ./Drivers/STM32F4xx_HAL_Driver/Src/stm32f4xx_hal_rtc_ex.o
 .debug_abbrev  0x000021c7      0x30e ./Drivers/STM32F4xx_HAL_Driver/Src/stm32f4xx_hal_uart.o
 .debug_abbrev  0x000024d5      0x2b3 ./Drivers/STM32F4xx_HAL_Driver/Src/stm32f4xx_ll_usb.o
 .debug_abbrev  0x00002788      0x33c ./Middlewares/ST/STM32_USB_Device_Library/Class/DFU/Src/usbd_dfu.o
 .debug_abbrev  0x00002ac4      0x27c ./Middlewares/ST/STM32_USB_Device_Library/Core/Src/usbd_core.o
 .debug_abbrev  0x00002d40      0x276 ./Middlewares/ST/STM32_USB_Device_Library/Core/Src/usbd_ctlreq.o
 .debug_abbrev  0x00002fb6      0x19a ./Middlewares/ST/STM32_USB_Device_Library/Core/Src/usbd_ioreq.o
 .debug_abbrev  0x00003150      0x1ab ./USB_DEVICE/App/usb_device.o
 .debug_abbrev  0x000032fb      0x1e1 ./USB_DEVICE/App/usbd_desc.o
 .debug_abbrev  0x000034dc      0x208 ./USB_DEVICE/App/usbd_dfu_if.o
 .debug_abbrev  0x000036e4      0x348 ./USB_DEVICE/Target/usbd_conf.o

.debug_aranges  0x00000000     0x1188
 .debug_aranges
                0x00000000       0x28 ./Core/Src/jump_to_app.o
 .debug_aranges
                0x00000028       0x50 ./Core/Src/main.o
 .debug_aranges
                0x00000078       0x40 ./Core/Src/stm32f4xx_hal_msp.o
 .debug_aranges
                0x000000b8       0x68 ./Core/Src/stm32f4xx_it.o
 .debug_aranges
                0x00000120       0x28 ./Core/Src/system_stm32f4xx.o
 .debug_aranges
                0x00000148       0x28 ./Core/Startup/startup_stm32f407vetx.o
 .debug_aranges
                0x00000170       0xf0 ./Drivers/STM32F4xx_HAL_Driver/Src/stm32f4xx_hal.o
 .debug_aranges
                0x00000260      0x130 ./Drivers/STM32F4xx_HAL_Driver/Src/stm32f4xx_hal_cortex.o
 .debug_aranges
                0x00000390       0xa0 ./Drivers/STM32F4xx_HAL_Driver/Src/stm32f4xx_hal_flash.o
 .debug_aranges
                0x00000430       0x98 ./Drivers/STM32F4xx_HAL_Driver/Src/stm32f4xx_hal_flash_ex.o
 .debug_aranges
                0x000004c8       0x58 ./Drivers/STM32F4xx_HAL_Driver/Src/stm32f4xx_hal_gpio.o
 .debug_aranges
                0x00000520      0x148 ./Drivers/STM32F4xx_HAL_Driver/Src/stm32f4xx_hal_pcd.o
 .debug_aranges
                0x00000668       0x38 ./Drivers/STM32F4xx_HAL_Driver/Src/stm32f4xx_hal_pcd_ex.o
 .debug_aranges
                0x000006a0       0x88 ./Drivers/STM32F4xx_HAL_Driver/Src/stm32f4xx_hal_rcc.o
 .debug_aranges
                0x00000728       0x48 ./Drivers/STM32F4xx_HAL_Driver/Src/stm32f4xx_hal_rcc_ex.o
 .debug_aranges
                0x00000770       0xe8 ./Drivers/STM32F4xx_HAL_Driver/Src/stm32f4xx_hal_rtc.o
 .debug_aranges
                0x00000858      0x130 ./Drivers/STM32F4xx_HAL_Driver/Src/stm32f4xx_hal_rtc_ex.o
 .debug_aranges
                0x00000988      0x208 ./Drivers/STM32F4xx_HAL_Driver/Src/stm32f4xx_hal_uart.o
 .debug_aranges
                0x00000b90      0x1a0 ./Drivers/STM32F4xx_HAL_Driver/Src/stm32f4xx_ll_usb.o
 .debug_aranges
                0x00000d30       0xb8 ./Middlewares/ST/STM32_USB_Device_Library/Class/DFU/Src/usbd_dfu.o
 .debug_aranges
                0x00000de8       0xd8 ./Middlewares/ST/STM32_USB_Device_Library/Core/Src/usbd_core.o
 .debug_aranges
                0x00000ec0       0x90 ./Middlewares/ST/STM32_USB_Device_Library/Core/Src/usbd_ctlreq.o
 .debug_aranges
                0x00000f50       0x50 ./Middlewares/ST/STM32_USB_Device_Library/Core/Src/usbd_ioreq.o
 .debug_aranges
                0x00000fa0       0x20 ./USB_DEVICE/App/usb_device.o
 .debug_aranges
                0x00000fc0       0x60 ./USB_DEVICE/App/usbd_desc.o
 .debug_aranges
                0x00001020       0x58 ./USB_DEVICE/App/usbd_dfu_if.o
 .debug_aranges
                0x00001078      0x110 ./USB_DEVICE/Target/usbd_conf.o

.debug_rnglists
                0x00000000      0xd51
 .debug_rnglists
                0x00000000       0x19 ./Core/Src/jump_to_app.o
 .debug_rnglists
                0x00000019       0x39 ./Core/Src/main.o
 .debug_rnglists
                0x00000052       0x2c ./Core/Src/stm32f4xx_hal_msp.o
 .debug_rnglists
                0x0000007e       0x49 ./Core/Src/stm32f4xx_it.o
 .debug_rnglists
                0x000000c7       0x1a ./Core/Src/system_stm32f4xx.o
 .debug_rnglists
                0x000000e1       0x19 ./Core/Startup/startup_stm32f407vetx.o
 .debug_rnglists
                0x000000fa       0xaf ./Drivers/STM32F4xx_HAL_Driver/Src/stm32f4xx_hal.o
 .debug_rnglists
                0x000001a9       0xe0 ./Drivers/STM32F4xx_HAL_Driver/Src/stm32f4xx_hal_cortex.o
 .debug_rnglists
                0x00000289       0x78 ./Drivers/STM32F4xx_HAL_Driver/Src/stm32f4xx_hal_flash.o
 .debug_rnglists
                0x00000301       0x72 ./Drivers/STM32F4xx_HAL_Driver/Src/stm32f4xx_hal_flash_ex.o
 .debug_rnglists
                0x00000373       0x3f ./Drivers/STM32F4xx_HAL_Driver/Src/stm32f4xx_hal_gpio.o
 .debug_rnglists
                0x000003b2       0xfa ./Drivers/STM32F4xx_HAL_Driver/Src/stm32f4xx_hal_pcd.o
 .debug_rnglists
                0x000004ac       0x26 ./Drivers/STM32F4xx_HAL_Driver/Src/stm32f4xx_hal_pcd_ex.o
 .debug_rnglists
                0x000004d2       0x66 ./Drivers/STM32F4xx_HAL_Driver/Src/stm32f4xx_hal_rcc.o
 .debug_rnglists
                0x00000538       0x35 ./Drivers/STM32F4xx_HAL_Driver/Src/stm32f4xx_hal_rcc_ex.o
 .debug_rnglists
                0x0000056d       0xb4 ./Drivers/STM32F4xx_HAL_Driver/Src/stm32f4xx_hal_rtc.o
 .debug_rnglists
                0x00000621       0xed ./Drivers/STM32F4xx_HAL_Driver/Src/stm32f4xx_hal_rtc_ex.o
 .debug_rnglists
                0x0000070e      0x1bc ./Drivers/STM32F4xx_HAL_Driver/Src/stm32f4xx_hal_uart.o
 .debug_rnglists
                0x000008ca      0x147 ./Drivers/STM32F4xx_HAL_Driver/Src/stm32f4xx_ll_usb.o
 .debug_rnglists
                0x00000a11       0x90 ./Middlewares/ST/STM32_USB_Device_Library/Class/DFU/Src/usbd_dfu.o
 .debug_rnglists
                0x00000aa1       0xa1 ./Middlewares/ST/STM32_USB_Device_Library/Core/Src/usbd_core.o
 .debug_rnglists
                0x00000b42       0x7a ./Middlewares/ST/STM32_USB_Device_Library/Core/Src/usbd_ctlreq.o
 .debug_rnglists
                0x00000bbc       0x37 ./Middlewares/ST/STM32_USB_Device_Library/Core/Src/usbd_ioreq.o
 .debug_rnglists
                0x00000bf3       0x13 ./USB_DEVICE/App/usb_device.o
 .debug_rnglists
                0x00000c06       0x43 ./USB_DEVICE/App/usbd_desc.o
 .debug_rnglists
                0x00000c49       0x3f ./USB_DEVICE/App/usbd_dfu_if.o
 .debug_rnglists
                0x00000c88       0xc9 ./USB_DEVICE/Target/usbd_conf.o

.debug_macro    0x00000000    0x24366
 .debug_macro   0x00000000      0x20f ./Core/Src/jump_to_app.o
 .debug_macro   0x0000020f      0xad8 ./Core/Src/jump_to_app.o
 .debug_macro   0x00000ce7       0x22 ./Core/Src/jump_to_app.o
 .debug_macro   0x00000d09       0x8e ./Core/Src/jump_to_app.o
 .debug_macro   0x00000d97       0x51 ./Core/Src/jump_to_app.o
 .debug_macro   0x00000de8      0x103 ./Core/Src/jump_to_app.o
 .debug_macro   0x00000eeb       0x6a ./Core/Src/jump_to_app.o
 .debug_macro   0x00000f55      0x1df ./Core/Src/jump_to_app.o
 .debug_macro   0x00001134       0x22 ./Core/Src/jump_to_app.o
 .debug_macro   0x00001156       0x10 ./Core/Src/jump_to_app.o
 .debug_macro   0x00001166      0x2a1 ./Core/Src/jump_to_app.o
 .debug_macro   0x00001407       0x2e ./Core/Src/jump_to_app.o
 .debug_macro   0x00001435       0x2f ./Core/Src/jump_to_app.o
 .debug_macro   0x00001464       0x1c ./Core/Src/jump_to_app.o
 .debug_macro   0x00001480       0x22 ./Core/Src/jump_to_app.o
 .debug_macro   0x000014a2       0xfb ./Core/Src/jump_to_app.o
 .debug_macro   0x0000159d     0x1011 ./Core/Src/jump_to_app.o
 .debug_macro   0x000025ae      0x11f ./Core/Src/jump_to_app.o
 .debug_macro   0x000026cd    0x15ea5 ./Core/Src/jump_to_app.o
 .debug_macro   0x00018572       0x6d ./Core/Src/jump_to_app.o
 .debug_macro   0x000185df     0x3693 ./Core/Src/jump_to_app.o
 .debug_macro   0x0001bc72      0x190 ./Core/Src/jump_to_app.o
 .debug_macro   0x0001be02       0x5c ./Core/Src/jump_to_app.o
 .debug_macro   0x0001be5e      0x980 ./Core/Src/jump_to_app.o
 .debug_macro   0x0001c7de      0x9e9 ./Core/Src/jump_to_app.o
 .debug_macro   0x0001d1c7      0x115 ./Core/Src/jump_to_app.o
 .debug_macro   0x0001d2dc      0x13e ./Core/Src/jump_to_app.o
 .debug_macro   0x0001d41a       0xa5 ./Core/Src/jump_to_app.o
 .debug_macro   0x0001d4bf      0x174 ./Core/Src/jump_to_app.o
 .debug_macro   0x0001d633      0x287 ./Core/Src/jump_to_app.o
 .debug_macro   0x0001d8ba       0x5f ./Core/Src/jump_to_app.o
 .debug_macro   0x0001d919      0x236 ./Core/Src/jump_to_app.o
 .debug_macro   0x0001db4f      0x12c ./Core/Src/jump_to_app.o
 .debug_macro   0x0001dc7b      0x21e ./Core/Src/jump_to_app.o
 .debug_macro   0x0001de99       0x2e ./Core/Src/jump_to_app.o
 .debug_macro   0x0001dec7      0x127 ./Core/Src/jump_to_app.o
 .debug_macro   0x0001dfee       0x7e ./Core/Src/jump_to_app.o
 .debug_macro   0x0001e06c       0x89 ./Core/Src/jump_to_app.o
 .debug_macro   0x0001e0f5      0x30c ./Core/Src/jump_to_app.o
 .debug_macro   0x0001e401      0x44b ./Core/Src/jump_to_app.o
 .debug_macro   0x0001e84c       0xeb ./Core/Src/jump_to_app.o
 .debug_macro   0x0001e937      0x2aa ./Core/Src/jump_to_app.o
 .debug_macro   0x0001ebe1      0x293 ./Core/Src/jump_to_app.o
 .debug_macro   0x0001ee74       0xba ./Core/Src/jump_to_app.o
 .debug_macro   0x0001ef2e      0x12d ./Core/Src/jump_to_app.o
 .debug_macro   0x0001f05b      0x383 ./Core/Src/main.o
 .debug_macro   0x0001f3de       0x61 ./Core/Src/main.o
 .debug_macro   0x0001f43f       0x2a ./Core/Src/main.o
 .debug_macro   0x0001f469       0x43 ./Core/Src/main.o
 .debug_macro   0x0001f4ac       0x34 ./Core/Src/main.o
 .debug_macro   0x0001f4e0       0x16 ./Core/Src/main.o
 .debug_macro   0x0001f4f6       0x3c ./Core/Src/main.o
 .debug_macro   0x0001f532      0x370 ./Core/Src/main.o
 .debug_macro   0x0001f8a2       0x10 ./Core/Src/main.o
 .debug_macro   0x0001f8b2       0x16 ./Core/Src/main.o
 .debug_macro   0x0001f8c8       0x4a ./Core/Src/main.o
 .debug_macro   0x0001f912       0x34 ./Core/Src/main.o
 .debug_macro   0x0001f946       0x10 ./Core/Src/main.o
 .debug_macro   0x0001f956       0x58 ./Core/Src/main.o
 .debug_macro   0x0001f9ae       0x8e ./Core/Src/main.o
 .debug_macro   0x0001fa3c       0x1c ./Core/Src/main.o
 .debug_macro   0x0001fa58      0x185 ./Core/Src/main.o
 .debug_macro   0x0001fbdd       0x16 ./Core/Src/main.o
 .debug_macro   0x0001fbf3       0x16 ./Core/Src/main.o
 .debug_macro   0x0001fc09      0x146 ./Core/Src/main.o
 .debug_macro   0x0001fd4f       0x16 ./Core/Src/main.o
 .debug_macro   0x0001fd65       0x16 ./Core/Src/main.o
 .debug_macro   0x0001fd7b       0x29 ./Core/Src/main.o
 .debug_macro   0x0001fda4       0x16 ./Core/Src/main.o
 .debug_macro   0x0001fdba       0x20 ./Core/Src/main.o
 .debug_macro   0x0001fdda       0x7e ./Core/Src/main.o
 .debug_macro   0x0001fe58      0x209 ./Core/Src/main.o
 .debug_macro   0x00020061      0x201 ./Core/Src/stm32f4xx_hal_msp.o
 .debug_macro   0x00020262      0x20b ./Core/Src/stm32f4xx_it.o
 .debug_macro   0x0002046d      0x1f7 ./Core/Src/system_stm32f4xx.o
 .debug_macro   0x00020664      0x257 ./Drivers/STM32F4xx_HAL_Driver/Src/stm32f4xx_hal.o
 .debug_macro   0x000208bb      0x1f7 ./Drivers/STM32F4xx_HAL_Driver/Src/stm32f4xx_hal_cortex.o
 .debug_macro   0x00020ab2      0x1fd ./Drivers/STM32F4xx_HAL_Driver/Src/stm32f4xx_hal_flash.o
 .debug_macro   0x00020caf      0x1fd ./Drivers/STM32F4xx_HAL_Driver/Src/stm32f4xx_hal_flash_ex.o
 .debug_macro   0x00020eac      0x1fd ./Drivers/STM32F4xx_HAL_Driver/Src/stm32f4xx_hal_gpio.o
 .debug_macro   0x000210a9      0x203 ./Drivers/STM32F4xx_HAL_Driver/Src/stm32f4xx_hal_pcd.o
 .debug_macro   0x000212ac      0x1f7 ./Drivers/STM32F4xx_HAL_Driver/Src/stm32f4xx_hal_pcd_ex.o
 .debug_macro   0x000214a3      0x21b ./Drivers/STM32F4xx_HAL_Driver/Src/stm32f4xx_hal_rcc.o
 .debug_macro   0x000216be      0x1f7 ./Drivers/STM32F4xx_HAL_Driver/Src/stm32f4xx_hal_rcc_ex.o
 .debug_macro   0x000218b5      0x1f8 ./Drivers/STM32F4xx_HAL_Driver/Src/stm32f4xx_hal_rtc.o
 .debug_macro   0x00021aad      0x1f7 ./Drivers/STM32F4xx_HAL_Driver/Src/stm32f4xx_hal_rtc_ex.o
 .debug_macro   0x00021ca4      0x1f8 ./Drivers/STM32F4xx_HAL_Driver/Src/stm32f4xx_hal_uart.o
 .debug_macro   0x00021e9c      0x1f7 ./Drivers/STM32F4xx_HAL_Driver/Src/stm32f4xx_ll_usb.o
 .debug_macro   0x00022093      0x390 ./Middlewares/ST/STM32_USB_Device_Library/Class/DFU/Src/usbd_dfu.o
 .debug_macro   0x00022423       0x9e ./Middlewares/ST/STM32_USB_Device_Library/Class/DFU/Src/usbd_dfu.o
 .debug_macro   0x000224c1      0x112 ./Middlewares/ST/STM32_USB_Device_Library/Class/DFU/Src/usbd_dfu.o
 .debug_macro   0x000225d3       0x56 ./Middlewares/ST/STM32_USB_Device_Library/Class/DFU/Src/usbd_dfu.o
 .debug_macro   0x00022629      0x140 ./Middlewares/ST/STM32_USB_Device_Library/Class/DFU/Src/usbd_dfu.o
 .debug_macro   0x00022769      0x377 ./Middlewares/ST/STM32_USB_Device_Library/Core/Src/usbd_core.o
 .debug_macro   0x00022ae0      0x20f ./Middlewares/ST/STM32_USB_Device_Library/Core/Src/usbd_core.o
 .debug_macro   0x00022cef      0x381 ./Middlewares/ST/STM32_USB_Device_Library/Core/Src/usbd_ctlreq.o
 .debug_macro   0x00023070      0x37d ./Middlewares/ST/STM32_USB_Device_Library/Core/Src/usbd_ioreq.o
 .debug_macro   0x000233ed      0x3b6 ./USB_DEVICE/App/usb_device.o
 .debug_macro   0x000237a3       0x22 ./USB_DEVICE/App/usb_device.o
 .debug_macro   0x000237c5       0x3a ./USB_DEVICE/App/usb_device.o
 .debug_macro   0x000237ff      0x3ba ./USB_DEVICE/App/usbd_desc.o
 .debug_macro   0x00023bb9       0x1c ./USB_DEVICE/App/usbd_desc.o
 .debug_macro   0x00023bd5      0x3c3 ./USB_DEVICE/App/usbd_dfu_if.o
 .debug_macro   0x00023f98       0x34 ./USB_DEVICE/App/usbd_dfu_if.o
 .debug_macro   0x00023fcc      0x39a ./USB_DEVICE/Target/usbd_conf.o

.debug_line     0x00000000    0x17364
 .debug_line    0x00000000      0x830 ./Core/Src/jump_to_app.o
 .debug_line    0x00000830      0xb28 ./Core/Src/main.o
 .debug_line    0x00001358      0x83c ./Core/Src/stm32f4xx_hal_msp.o
 .debug_line    0x00001b94      0x854 ./Core/Src/stm32f4xx_it.o
 .debug_line    0x000023e8      0x803 ./Core/Src/system_stm32f4xx.o
 .debug_line    0x00002beb       0x7a ./Core/Startup/startup_stm32f407vetx.o
 .debug_line    0x00002c65      0xa7f ./Drivers/STM32F4xx_HAL_Driver/Src/stm32f4xx_hal.o
 .debug_line    0x000036e4      0xd4f ./Drivers/STM32F4xx_HAL_Driver/Src/stm32f4xx_hal_cortex.o
 .debug_line    0x00004433      0xb25 ./Drivers/STM32F4xx_HAL_Driver/Src/stm32f4xx_hal_flash.o
 .debug_line    0x00004f58      0xb36 ./Drivers/STM32F4xx_HAL_Driver/Src/stm32f4xx_hal_flash_ex.o
 .debug_line    0x00005a8e      0xbd7 ./Drivers/STM32F4xx_HAL_Driver/Src/stm32f4xx_hal_gpio.o
 .debug_line    0x00006665     0x14ca ./Drivers/STM32F4xx_HAL_Driver/Src/stm32f4xx_hal_pcd.o
 .debug_line    0x00007b2f      0x848 ./Drivers/STM32F4xx_HAL_Driver/Src/stm32f4xx_hal_pcd_ex.o
 .debug_line    0x00008377      0xe8e ./Drivers/STM32F4xx_HAL_Driver/Src/stm32f4xx_hal_rcc.o
 .debug_line    0x00009205      0xaee ./Drivers/STM32F4xx_HAL_Driver/Src/stm32f4xx_hal_rcc_ex.o
 .debug_line    0x00009cf3     0x11b0 ./Drivers/STM32F4xx_HAL_Driver/Src/stm32f4xx_hal_rtc.o
 .debug_line    0x0000aea3     0x12ce ./Drivers/STM32F4xx_HAL_Driver/Src/stm32f4xx_hal_rtc_ex.o
 .debug_line    0x0000c171     0x25c7 ./Drivers/STM32F4xx_HAL_Driver/Src/stm32f4xx_hal_uart.o
 .debug_line    0x0000e738     0x1db3 ./Drivers/STM32F4xx_HAL_Driver/Src/stm32f4xx_ll_usb.o
 .debug_line    0x000104eb     0x128e ./Middlewares/ST/STM32_USB_Device_Library/Class/DFU/Src/usbd_dfu.o
 .debug_line    0x00011779      0xfa4 ./Middlewares/ST/STM32_USB_Device_Library/Core/Src/usbd_core.o
 .debug_line    0x0001271d     0x11aa ./Middlewares/ST/STM32_USB_Device_Library/Core/Src/usbd_ctlreq.o
 .debug_line    0x000138c7      0xaab ./Middlewares/ST/STM32_USB_Device_Library/Core/Src/usbd_ioreq.o
 .debug_line    0x00014372      0xa71 ./USB_DEVICE/App/usb_device.o
 .debug_line    0x00014de3      0xb1a ./USB_DEVICE/App/usbd_desc.o
 .debug_line    0x000158fd      0xc0f ./USB_DEVICE/App/usbd_dfu_if.o
 .debug_line    0x0001650c      0xe58 ./USB_DEVICE/Target/usbd_conf.o

.debug_str      0x00000000    0xcdb35
 .debug_str     0x00000000    0xcdb35 ./Core/Src/jump_to_app.o
                              0xc3caf (size before relaxing)
 .debug_str     0x000cdb35    0xc8980 ./Core/Src/main.o
 .debug_str     0x000cdb35    0xc43c9 ./Core/Src/stm32f4xx_hal_msp.o
 .debug_str     0x000cdb35    0xc3f81 ./Core/Src/stm32f4xx_it.o
 .debug_str     0x000cdb35    0xc3c78 ./Core/Src/system_stm32f4xx.o
 .debug_str     0x000cdb35       0x82 ./Core/Startup/startup_stm32f407vetx.o
 .debug_str     0x000cdb35    0xc47fc ./Drivers/STM32F4xx_HAL_Driver/Src/stm32f4xx_hal.o
 .debug_str     0x000cdb35    0xc4578 ./Drivers/STM32F4xx_HAL_Driver/Src/stm32f4xx_hal_cortex.o
 .debug_str     0x000cdb35    0xc3e68 ./Drivers/STM32F4xx_HAL_Driver/Src/stm32f4xx_hal_flash.o
 .debug_str     0x000cdb35    0xc3eb8 ./Drivers/STM32F4xx_HAL_Driver/Src/stm32f4xx_hal_flash_ex.o
 .debug_str     0x000cdb35    0xc3df3 ./Drivers/STM32F4xx_HAL_Driver/Src/stm32f4xx_hal_gpio.o
 .debug_str     0x000cdb35    0xc4756 ./Drivers/STM32F4xx_HAL_Driver/Src/stm32f4xx_hal_pcd.o
 .debug_str     0x000cdb35    0xc4046 ./Drivers/STM32F4xx_HAL_Driver/Src/stm32f4xx_hal_pcd_ex.o
 .debug_str     0x000cdb35    0xc40ac ./Drivers/STM32F4xx_HAL_Driver/Src/stm32f4xx_hal_rcc.o
 .debug_str     0x000cdb35    0xc3dca ./Drivers/STM32F4xx_HAL_Driver/Src/stm32f4xx_hal_rcc_ex.o
 .debug_str     0x000cdb35    0xc40e7 ./Drivers/STM32F4xx_HAL_Driver/Src/stm32f4xx_hal_rtc.o
 .debug_str     0x000cdb35    0xc43be ./Drivers/STM32F4xx_HAL_Driver/Src/stm32f4xx_hal_rtc_ex.o
 .debug_str     0x000cdb35    0xc468d ./Drivers/STM32F4xx_HAL_Driver/Src/stm32f4xx_hal_uart.o
 .debug_str     0x000cdb35    0xc4631 ./Drivers/STM32F4xx_HAL_Driver/Src/stm32f4xx_ll_usb.o
 .debug_str     0x000cdb35    0xc8dc5 ./Middlewares/ST/STM32_USB_Device_Library/Class/DFU/Src/usbd_dfu.o
 .debug_str     0x000cdb35    0xc86b7 ./Middlewares/ST/STM32_USB_Device_Library/Core/Src/usbd_core.o
 .debug_str     0x000cdb35    0xc84e2 ./Middlewares/ST/STM32_USB_Device_Library/Core/Src/usbd_ctlreq.o
 .debug_str     0x000cdb35    0xc83b7 ./Middlewares/ST/STM32_USB_Device_Library/Core/Src/usbd_ioreq.o
 .debug_str     0x000cdb35    0xc8b62 ./USB_DEVICE/App/usb_device.o
 .debug_str     0x000cdb35    0xc82a4 ./USB_DEVICE/App/usbd_desc.o
 .debug_str     0x000cdb35    0xc890e ./USB_DEVICE/App/usbd_dfu_if.o
 .debug_str     0x000cdb35    0xc9897 ./USB_DEVICE/Target/usbd_conf.o

.comment        0x00000000       0x43
 .comment       0x00000000       0x43 ./Core/Src/jump_to_app.o
                                 0x44 (size before relaxing)
 .comment       0x00000043       0x44 ./Core/Src/main.o
 .comment       0x00000043       0x44 ./Core/Src/stm32f4xx_hal_msp.o
 .comment       0x00000043       0x44 ./Core/Src/stm32f4xx_it.o
 .comment       0x00000043       0x44 ./Core/Src/system_stm32f4xx.o
 .comment       0x00000043       0x44 ./Drivers/STM32F4xx_HAL_Driver/Src/stm32f4xx_hal.o
 .comment       0x00000043       0x44 ./Drivers/STM32F4xx_HAL_Driver/Src/stm32f4xx_hal_cortex.o
 .comment       0x00000043       0x44 ./Drivers/STM32F4xx_HAL_Driver/Src/stm32f4xx_hal_flash.o
 .comment       0x00000043       0x44 ./Drivers/STM32F4xx_HAL_Driver/Src/stm32f4xx_hal_flash_ex.o
 .comment       0x00000043       0x44 ./Drivers/STM32F4xx_HAL_Driver/Src/stm32f4xx_hal_gpio.o
 .comment       0x00000043       0x44 ./Drivers/STM32F4xx_HAL_Driver/Src/stm32f4xx_hal_pcd.o
 .comment       0x00000043       0x44 ./Drivers/STM32F4xx_HAL_Driver/Src/stm32f4xx_hal_pcd_ex.o
 .comment       0x00000043       0x44 ./Drivers/STM32F4xx_HAL_Driver/Src/stm32f4xx_hal_rcc.o
 .comment       0x00000043       0x44 ./Drivers/STM32F4xx_HAL_Driver/Src/stm32f4xx_hal_rcc_ex.o
 .comment       0x00000043       0x44 ./Drivers/STM32F4xx_HAL_Driver/Src/stm32f4xx_hal_rtc.o
 .comment       0x00000043       0x44 ./Drivers/STM32F4xx_HAL_Driver/Src/stm32f4xx_hal_rtc_ex.o
 .comment       0x00000043       0x44 ./Drivers/STM32F4xx_HAL_Driver/Src/stm32f4xx_hal_uart.o
 .comment       0x00000043       0x44 ./Drivers/STM32F4xx_HAL_Driver/Src/stm32f4xx_ll_usb.o
 .comment       0x00000043       0x44 ./Middlewares/ST/STM32_USB_Device_Library/Class/DFU/Src/usbd_dfu.o
 .comment       0x00000043       0x44 ./Middlewares/ST/STM32_USB_Device_Library/Core/Src/usbd_core.o
 .comment       0x00000043       0x44 ./Middlewares/ST/STM32_USB_Device_Library/Core/Src/usbd_ctlreq.o
 .comment       0x00000043       0x44 ./Middlewares/ST/STM32_USB_Device_Library/Core/Src/usbd_ioreq.o
 .comment       0x00000043       0x44 ./USB_DEVICE/App/usb_device.o
 .comment       0x00000043       0x44 ./USB_DEVICE/App/usbd_desc.o
 .comment       0x00000043       0x44 ./USB_DEVICE/App/usbd_dfu_if.o
 .comment       0x00000043       0x44 ./USB_DEVICE/Target/usbd_conf.o

.debug_frame    0x00000000     0x4764
 .debug_frame   0x00000000       0x5c ./Core/Src/jump_to_app.o
 .debug_frame   0x0000005c       0xe4 ./Core/Src/main.o
 .debug_frame   0x00000140       0xcc ./Core/Src/stm32f4xx_hal_msp.o
 .debug_frame   0x0000020c      0x120 ./Core/Src/stm32f4xx_it.o
 .debug_frame   0x0000032c       0x58 ./Core/Src/system_stm32f4xx.o
 .debug_frame   0x00000384      0x374 ./Drivers/STM32F4xx_HAL_Driver/Src/stm32f4xx_hal.o
 .debug_frame   0x000006f8      0x508 ./Drivers/STM32F4xx_HAL_Driver/Src/stm32f4xx_hal_cortex.o
 .debug_frame   0x00000c00      0x274 ./Drivers/STM32F4xx_HAL_Driver/Src/stm32f4xx_hal_flash.o
 .debug_frame   0x00000e74      0x250 ./Drivers/STM32F4xx_HAL_Driver/Src/stm32f4xx_hal_flash_ex.o
 .debug_frame   0x000010c4      0x14c ./Drivers/STM32F4xx_HAL_Driver/Src/stm32f4xx_hal_gpio.o
 .debug_frame   0x00001210      0x5b8 ./Drivers/STM32F4xx_HAL_Driver/Src/stm32f4xx_hal_pcd.o
 .debug_frame   0x000017c8       0xb0 ./Drivers/STM32F4xx_HAL_Driver/Src/stm32f4xx_hal_pcd_ex.o
 .debug_frame   0x00001878      0x1f4 ./Drivers/STM32F4xx_HAL_Driver/Src/stm32f4xx_hal_rcc.o
 .debug_frame   0x00001a6c       0xf0 ./Drivers/STM32F4xx_HAL_Driver/Src/stm32f4xx_hal_rcc_ex.o
 .debug_frame   0x00001b5c      0x3f4 ./Drivers/STM32F4xx_HAL_Driver/Src/stm32f4xx_hal_rtc.o
 .debug_frame   0x00001f50      0x548 ./Drivers/STM32F4xx_HAL_Driver/Src/stm32f4xx_hal_rtc_ex.o
 .debug_frame   0x00002498      0x954 ./Drivers/STM32F4xx_HAL_Driver/Src/stm32f4xx_hal_uart.o
 .debug_frame   0x00002dec      0x7c0 ./Drivers/STM32F4xx_HAL_Driver/Src/stm32f4xx_ll_usb.o
 .debug_frame   0x000035ac      0x2f8 ./Middlewares/ST/STM32_USB_Device_Library/Class/DFU/Src/usbd_dfu.o
 .debug_frame   0x000038a4      0x390 ./Middlewares/ST/STM32_USB_Device_Library/Core/Src/usbd_core.o
 .debug_frame   0x00003c34      0x23c ./Middlewares/ST/STM32_USB_Device_Library/Core/Src/usbd_ctlreq.o
 .debug_frame   0x00003e70      0x10c ./Middlewares/ST/STM32_USB_Device_Library/Core/Src/usbd_ioreq.o
 .debug_frame   0x00003f7c       0x2c ./USB_DEVICE/App/usb_device.o
 .debug_frame   0x00003fa8      0x160 ./USB_DEVICE/App/usbd_desc.o
 .debug_frame   0x00004108      0x134 ./USB_DEVICE/App/usbd_dfu_if.o
 .debug_frame   0x0000423c      0x47c ./USB_DEVICE/Target/usbd_conf.o
 .debug_frame   0x000046b8       0x20 C:/ST/STM32CubeIDE_1.19.0/STM32CubeIDE/plugins/com.st.stm32cube.ide.mcu.externaltools.gnu-tools-for-stm32.13.3.rel1.win32_1.0.0.202411081344/tools/bin/../lib/gcc/arm-none-eabi/13.3.1/../../../../arm-none-eabi/lib/thumb/v7e-m+fp/hard\libc_nano.a(libc_a-memset.o)
 .debug_frame   0x000046d8       0x2c C:/ST/STM32CubeIDE_1.19.0/STM32CubeIDE/plugins/com.st.stm32cube.ide.mcu.externaltools.gnu-tools-for-stm32.13.3.rel1.win32_1.0.0.202411081344/tools/bin/../lib/gcc/arm-none-eabi/13.3.1/../../../../arm-none-eabi/lib/thumb/v7e-m+fp/hard\libc_nano.a(libc_a-init.o)
 .debug_frame   0x00004704       0x2c C:/ST/STM32CubeIDE_1.19.0/STM32CubeIDE/plugins/com.st.stm32cube.ide.mcu.externaltools.gnu-tools-for-stm32.13.3.rel1.win32_1.0.0.202411081344/tools/bin/../lib/gcc/arm-none-eabi/13.3.1/thumb/v7e-m+fp/hard\libgcc.a(_aeabi_uldivmod.o)
 .debug_frame   0x00004730       0x34 C:/ST/STM32CubeIDE_1.19.0/STM32CubeIDE/plugins/com.st.stm32cube.ide.mcu.externaltools.gnu-tools-for-stm32.13.3.rel1.win32_1.0.0.202411081344/tools/bin/../lib/gcc/arm-none-eabi/13.3.1/thumb/v7e-m+fp/hard\libgcc.a(_udivmoddi4.o)

.debug_line_str
                0x00000000       0x66
 .debug_line_str
                0x00000000       0x66 ./Core/Startup/startup_stm32f407vetx.o