../USB_DEVICE/App/usbd_dfu_if.c:159:10:MEM_If_Init_FS	8	static
../USB_DEVICE/App/usbd_dfu_if.c:171:10:MEM_If_DeInit_FS	8	static
../USB_DEVICE/App/usbd_dfu_if.c:184:10:MEM_If_Erase_FS	48	static
../USB_DEVICE/App/usbd_dfu_if.c:218:10:MEM_If_Write_FS	40	static
../USB_DEVICE/App/usbd_dfu_if.c:254:10:MEM_If_Read_FS	32	static
../USB_DEVICE/App/usbd_dfu_if.c:276:10:MEM_If_GetStatus_FS	24	static
../USB_DEVICE/App/usbd_dfu_if.c:305:17:GetSector	24	static
../USB_DEVICE/App/usbd_dfu_if.c:328:17:GetBank	24	static
